Archive member included to satisfy reference by file (symbol)

D:\IOT\SDK_1.0.3_NUCLEO-F401RE\lib_stm\libLibraries.a(system_stm32f4xx.o)
                              Src/App/main.o (SystemCoreClockUpdate)
D:\IOT\SDK_1.0.3_NUCLEO-F401RE\lib_stm\libLibraries.a(stm32f401re_gpio.o)
                              Src/Mid/I2C1-Interface/I2C1-Interface.o (GPIO_Init)
D:\IOT\SDK_1.0.3_NUCLEO-F401RE\lib_stm\libLibraries.a(stm32f401re_i2c.o)
                              Src/Mid/I2C1-Interface/I2C1-Interface.o (I2C_Init)
D:\IOT\SDK_1.0.3_NUCLEO-F401RE\lib_stm\libLibraries.a(stm32f401re_rcc.o)
                              D:\IOT\SDK_1.0.3_NUCLEO-F401RE\lib_stm\libLibraries.a(stm32f401re_i2c.o) (RCC_GetClocksFreq)
D:\IOT\SDK_1.0.3_NUCLEO-F401RE\lib_stm\libLibraries.a(stm32f401re_spi.o)
                              Src/Mid/SPI1-Interface/SPI1-Interface.o (SPI_Init)
D:\IOT\SDK_1.0.3_NUCLEO-F401RE\lib_stm\libLibraries.a(timer.o)
                              Src/App/main.o (TimerInit)
D:\IOT\SDK_1.0.3_NUCLEO-F401RE\lib_stm\libLibraries.a(Ucglib.o)
                              Src/App/main.o (Ucglib4WireSWSPI_begin)
D:\IOT\SDK_1.0.3_NUCLEO-F401RE\lib_stm\libLibraries.a(ucg_box.o)
                              Src/App/main.o (ucg_ClearScreen)
D:\IOT\SDK_1.0.3_NUCLEO-F401RE\lib_stm\libLibraries.a(ucg_ccs.o)
                              D:\IOT\SDK_1.0.3_NUCLEO-F401RE\lib_stm\libLibraries.a(ucg_box.o) (ucg_ccs_init)
D:\IOT\SDK_1.0.3_NUCLEO-F401RE\lib_stm\libLibraries.a(ucg_circle.o)
                              D:\IOT\SDK_1.0.3_NUCLEO-F401RE\lib_stm\libLibraries.a(ucg_box.o) (ucg_DrawCircle)
D:\IOT\SDK_1.0.3_NUCLEO-F401RE\lib_stm\libLibraries.a(ucg_dev_default_cb.o)
                              D:\IOT\SDK_1.0.3_NUCLEO-F401RE\lib_stm\libLibraries.a(Ucglib.o) (ucg_dev_default_cb)
D:\IOT\SDK_1.0.3_NUCLEO-F401RE\lib_stm\libLibraries.a(ucg_dev_ic_st7735.o)
                              D:\IOT\SDK_1.0.3_NUCLEO-F401RE\lib_stm\libLibraries.a(Ucglib.o) (ucg_ext_st7735_18)
D:\IOT\SDK_1.0.3_NUCLEO-F401RE\lib_stm\libLibraries.a(ucg_dev_msg_api.o)
                              D:\IOT\SDK_1.0.3_NUCLEO-F401RE\lib_stm\libLibraries.a(ucg_box.o) (ucg_SetMaxClipRange)
D:\IOT\SDK_1.0.3_NUCLEO-F401RE\lib_stm\libLibraries.a(ucg_dev_tft_128x128_st7735.o)
                              D:\IOT\SDK_1.0.3_NUCLEO-F401RE\lib_stm\libLibraries.a(Ucglib.o) (ucg_dev_st7735_18x128x128)
D:\IOT\SDK_1.0.3_NUCLEO-F401RE\lib_stm\libLibraries.a(ucg_font.o)
                              D:\IOT\SDK_1.0.3_NUCLEO-F401RE\lib_stm\libLibraries.a(Ucglib.o) (ucg_SetFontMode)
D:\IOT\SDK_1.0.3_NUCLEO-F401RE\lib_stm\libLibraries.a(ucg_init.o)
                              D:\IOT\SDK_1.0.3_NUCLEO-F401RE\lib_stm\libLibraries.a(Ucglib.o) (ucg_Init)
D:\IOT\SDK_1.0.3_NUCLEO-F401RE\lib_stm\libLibraries.a(ucg_line.o)
                              D:\IOT\SDK_1.0.3_NUCLEO-F401RE\lib_stm\libLibraries.a(ucg_font.o) (ucg_Draw90Line)
D:\IOT\SDK_1.0.3_NUCLEO-F401RE\lib_stm\libLibraries.a(ucg_pixel.o)
                              Src/App/main.o (ucg_SetColor)
D:\IOT\SDK_1.0.3_NUCLEO-F401RE\lib_stm\libLibraries.a(ucg_pixel_font_data.o)
                              Src/App/main.o (ucg_font_ncenR12_hr)
D:\IOT\SDK_1.0.3_NUCLEO-F401RE\lib_stm\libLibraries.a(ucg_rotate.o)
                              Src/App/main.o (ucg_SetRotate180)
D:\IOT\SDK_1.0.3_NUCLEO-F401RE\lib_stm\libLibraries.a(buff.o)
                              D:\IOT\SDK_1.0.3_NUCLEO-F401RE\lib_stm\libLibraries.a(ucg_font.o) (bufInit)
D:\IOT\SDK_1.0.3_NUCLEO-F401RE\lib_stm\libLibraries.a(utilities.o)
                              D:\IOT\SDK_1.0.3_NUCLEO-F401RE\lib_stm\libLibraries.a(timer.o) (memsetl)
D:\IOT\SDK_1.0.3_NUCLEO-F401RE\lib_stm\libLibraries.a(ucg_clip.o)
                              D:\IOT\SDK_1.0.3_NUCLEO-F401RE\lib_stm\libLibraries.a(ucg_dev_ic_st7735.o) (ucg_clip_is_pixel_visible)
D:\IOT\SDK_1.0.3_NUCLEO-F401RE\lib_stm\libLibraries.a(ucg_com_msg_api.o)
                              D:\IOT\SDK_1.0.3_NUCLEO-F401RE\lib_stm\libLibraries.a(ucg_dev_ic_st7735.o) (ucg_com_PowerUp)
c:/st/stm32cubeide_1.6.0/stm32cubeide/plugins/com.st.stm32cube.ide.mcu.externaltools.gnu-tools-for-stm32.9-2020-q2-update.win32_1.5.0.202011040924/tools/bin/../lib/gcc/arm-none-eabi/9.3.1/../../../../arm-none-eabi/lib/thumb/v7e-m+fp/hard\libc_nano.a(lib_a-errno.o)
                              Src/syscalls.o (__errno)
c:/st/stm32cubeide_1.6.0/stm32cubeide/plugins/com.st.stm32cube.ide.mcu.externaltools.gnu-tools-for-stm32.9-2020-q2-update.win32_1.5.0.202011040924/tools/bin/../lib/gcc/arm-none-eabi/9.3.1/../../../../arm-none-eabi/lib/thumb/v7e-m+fp/hard\libc_nano.a(lib_a-exit.o)
                              c:/st/stm32cubeide_1.6.0/stm32cubeide/plugins/com.st.stm32cube.ide.mcu.externaltools.gnu-tools-for-stm32.9-2020-q2-update.win32_1.5.0.202011040924/tools/bin/../lib/gcc/arm-none-eabi/9.3.1/../../../../arm-none-eabi/lib/thumb/v7e-m+fp/hard/crt0.o (exit)
[...]
Memory Configuration

Name             Origin             Length             Attributes
RAM              0x0000000020000000 0x0000000000018000 xrw
FLASH            0x0000000008000000 0x0000000000080000 xr
*default*        0x0000000000000000 0xffffffffffffffff

Linker script and memory map

LOAD c:/st/stm32cubeide_1.6.0/stm32cubeide/plugins/com.st.stm32cube.ide.mcu.externaltools.gnu-tools-for-stm32.9-2020-q2-update.win32_1.5.0.202011040924/tools/bin/../lib/gcc/arm-none-eabi/9.3.1/thumb/v7e-m+fp/hard/crti.o
LOAD c:/st/stm32cubeide_1.6.0/stm32cubeide/plugins/com.st.stm32cube.ide.mcu.externaltools.gnu-tools-for-stm32.9-2020-q2-update.win32_1.5.0.202011040924/tools/bin/../lib/gcc/arm-none-eabi/9.3.1/thumb/v7e-m+fp/hard/crtbegin.o
LOAD c:/st/stm32cubeide_1.6.0/stm32cubeide/plugins/com.st.stm32cube.ide.mcu.externaltools.gnu-tools-for-stm32.9-2020-q2-update.win32_1.5.0.202011040924/tools/bin/../lib/gcc/arm-none-eabi/9.3.1/../../../../arm-none-eabi/lib/thumb/v7e-m+fp/hard/crt0.o
LOAD Src/App/main.o
LOAD Src/Mid/I2C1-Interface/I2C1-Interface.o
LOAD Src/Mid/SPI1-Interface/SPI1-Interface.o
LOAD Src/Mid/temperature-pressure-altitude/temperature-pressure-altitude.o
LOAD Src/syscalls.o
LOAD Src/sysmem.o
LOAD Startup/startup_stm32f401retx.o
LOAD D:\IOT\SDK_1.0.3_NUCLEO-F401RE\lib_stm\libLibraries.a
START GROUP
LOAD D:\IOT\SDK_1.0.3_NUCLEO-F401RE\lib_stm\libLibraries.a
END GROUP
START GROUP
LOAD c:/st/stm32cubeide_1.6.0/stm32cubeide/plugins/com.st.stm32cube.ide.mcu.externaltools.gnu-tools-for-stm32.9-2020-q2-update.win32_1.5.0.202011040924/tools/bin/../lib/gcc/arm-none-eabi/9.3.1/../../../../arm-none-eabi/lib/thumb/v7e-m+fp/hard\libc_nano.a
LOAD c:/st/stm32cubeide_1.6.0/stm32cubeide/plugins/com.st.stm32cube.ide.mcu.externaltools.gnu-tools-for-stm32.9-2020-q2-update.win32_1.5.0.202011040924/tools/bin/../lib/gcc/arm-none-eabi/9.3.1/../../../../arm-none-eabi/lib/thumb/v7e-m+fp/hard\libm.a
END GROUP
START GROUP
LOAD c:/st/stm32cubeide_1.6.0/stm32cubeide/plugins/com.st.stm32cube.ide.mcu.externaltools.gnu-tools-for-stm32.9-2020-q2-update.win32_1.5.0.202011040924/tools/bin/../lib/gcc/arm-none-eabi/9.3.1/thumb/v7e-m+fp/hard\libgcc.a
LOAD c:/st/stm32cubeide_1.6.0/stm32cubeide/plugins/com.st.stm32cube.ide.mcu.externaltools.gnu-tools-for-stm32.9-2020-q2-update.win32_1.5.0.202011040924/tools/bin/../lib/gcc/arm-none-eabi/9.3.1/../../../../arm-none-eabi/lib/thumb/v7e-m+fp/hard\libc_nano.a
END GROUP
START GROUP
LOAD c:/st/stm32cubeide_1.6.0/stm32cubeide/plugins/com.st.stm32cube.ide.mcu.externaltools.gnu-tools-for-stm32.9-2020-q2-update.win32_1.5.0.202011040924/tools/bin/../lib/gcc/arm-none-eabi/9.3.1/thumb/v7e-m+fp/hard\libgcc.a
LOAD c:/st/stm32cubeide_1.6.0/stm32cubeide/plugins/com.st.stm32cube.ide.mcu.externaltools.gnu-tools-for-stm32.9-2020-q2-update.win32_1.5.0.202011040924/tools/bin/../lib/gcc/arm-none-eabi/9.3.1/../../../../arm-none-eabi/lib/thumb/v7e-m+fp/hard\libc_nano.a
LOAD c:/st/stm32cubeide_1.6.0/stm32cubeide/plugins/com.st.stm32cube.ide.mcu.externaltools.gnu-tools-for-stm32.9-2020-q2-update.win32_1.5.0.202011040924/tools/bin/../lib/gcc/arm-none-eabi/9.3.1/../../../../arm-none-eabi/lib/thumb/v7e-m+fp/hard\libnosys.a
END GROUP
START GROUP
LOAD c:/st/stm32cubeide_1.6.0/stm32cubeide/plugins/com.st.stm32cube.ide.mcu.externaltools.gnu-tools-for-stm32.9-2020-q2-update.win32_1.5.0.202011040924/tools/bin/../lib/gcc/arm-none-eabi/9.3.1/thumb/v7e-m+fp/hard\libgcc.a
LOAD c:/st/stm32cubeide_1.6.0/stm32cubeide/plugins/com.st.stm32cube.ide.mcu.externaltools.gnu-tools-for-stm32.9-2020-q2-update.win32_1.5.0.202011040924/tools/bin/../lib/gcc/arm-none-eabi/9.3.1/../../../../arm-none-eabi/lib/thumb/v7e-m+fp/hard\libc_nano.a
LOAD c:/st/stm32cubeide_1.6.0/stm32cubeide/plugins/com.st.stm32cube.ide.mcu.externaltools.gnu-tools-for-stm32.9-2020-q2-update.win32_1.5.0.202011040924/tools/bin/../lib/gcc/arm-none-eabi/9.3.1/../../../../arm-none-eabi/lib/thumb/v7e-m+fp/hard\libnosys.a
END GROUP
LOAD c:/st/stm32cubeide_1.6.0/stm32cubeide/plugins/com.st.stm32cube.ide.mcu.externaltools.gnu-tools-for-stm32.9-2020-q2-update.win32_1.5.0.202011040924/tools/bin/../lib/gcc/arm-none-eabi/9.3.1/thumb/v7e-m+fp/hard/crtend.o
LOAD c:/st/stm32cubeide_1.6.0/stm32cubeide/plugins/com.st.stm32cube.ide.mcu.externaltools.gnu-tools-for-stm32.9-2020-q2-update.win32_1.5.0.202011040924/tools/bin/../lib/gcc/arm-none-eabi/9.3.1/thumb/v7e-m+fp/hard/crtn.o
                0x0000000020018000                _estack = (ORIGIN (RAM) + LENGTH (RAM))
                0x0000000000000200                _Min_Heap_Size = 0x200
                0x0000000000000400                _Min_Stack_Size = 0x400

.isr_vector     0x0000000008000000      0x194
                0x0000000008000000                . = ALIGN (0x4)
 *(.isr_vector)
 .isr_vector    0x0000000008000000      0x194 Startup/startup_stm32f401retx.o
                0x0000000008000000                g_pfnVectors
                0x0000000008000194                . = ALIGN (0x4)

.text           0x00000000080001a0     0x5c2c
                0x00000000080001a0                . = ALIGN (0x4)
 *(.text)
 .text          0x00000000080001a0       0x40 c:/st/stm32cubeide_1.6.0/stm32cubeide/plugins/com.st.stm32cube.ide.mcu.externaltools.gnu-tools-for-stm32.9-2020-q2-update.win32_1.5.0.202011040924/tools/bin/../lib/gcc/arm-none-eabi/9.3.1/thumb/v7e-m+fp/hard/crtbegin.o
 .text          0x00000000080001e0       0xa0 c:/st/stm32cubeide_1.6.0/stm32cubeide/plugins/com.st.stm32cube.ide.mcu.externaltools.gnu-tools-for-stm32.9-2020-q2-update.win32_1.5.0.202011040924/tools/bin/../lib/gcc/arm-none-eabi/9.3.1/../../../../arm-none-eabi/lib/thumb/v7e-m+fp/hard\libc_nano.a(lib_a-memchr.o)
                0x00000000080001e0                memchr
 .text          0x0000000008000280      0x378 c:/st/stm32cubeide_1.6.0/stm32cubeide/plugins/com.st.stm32cube.ide.mcu.externaltools.gnu-tools-for-stm32.9-2020-q2-update.win32_1.5.0.202011040924/tools/bin/../lib/gcc/arm-none-eabi/9.3.1/thumb/v7e-m+fp/hard\libgcc.a(_arm_addsubdf3.o)
                0x0000000008000280                __aeabi_drsub
                0x0000000008000288                __aeabi_dsub
                0x0000000008000288                __subdf3
                0x000000000800028c                __aeabi_dadd
                0x000000000800028c                __adddf3
                0x0000000008000504                __floatunsidf
                0x0000000008000504                __aeabi_ui2d
                0x0000000008000524                __floatsidf
                0x0000000008000524                __aeabi_i2d
                0x0000000008000548                __aeabi_f2d
                0x0000000008000548                __extendsfdf2
                0x000000000800058c                __floatundidf
                0x000000000800058c                __aeabi_ul2d
                0x000000000800059c                __floatdidf
                0x000000000800059c                __aeabi_l2d
 .text          0x00000000080005f8      0x424 c:/st/stm32cubeide_1.6.0/stm32cubeide/plugins/com.st.stm32cube.ide.mcu.externaltools.gnu-tools-for-stm32.9-2020-q2-update.win32_1.5.0.202011040924/tools/bin/../lib/gcc/arm-none-eabi/9.3.1/thumb/v7e-m+fp/hard\libgcc.a(_arm_muldivdf3.o)
                0x00000000080005f8                __aeabi_dmul
                0x00000000080005f8                __muldf3
                0x000000000800084c                __divdf3
                0x000000000800084c                __aeabi_ddiv
 .text          0x0000000008000a1c       0xa0 c:/st/stm32cubeide_1.6.0/stm32cubeide/plugins/com.st.stm32cube.ide.mcu.externaltools.gnu-tools-for-stm32.9-2020-q2-update.win32_1.5.0.202011040924/tools/bin/../lib/gcc/arm-none-eabi/9.3.1/thumb/v7e-m+fp/hard\libgcc.a(_arm_truncdfsf2.o)
                0x0000000008000a1c                __truncdfsf2
                0x0000000008000a1c                __aeabi_d2f
 .text          0x0000000008000abc      0x21c c:/st/stm32cubeide_1.6.0/stm32cubeide/plugins/com.st.stm32cube.ide.mcu.externaltools.gnu-tools-for-stm32.9-2020-q2-update.win32_1.5.0.202011040924/tools/bin/../lib/gcc/arm-none-eabi/9.3.1/thumb/v7e-m+fp/hard\libgcc.a(_arm_addsubsf3.o)
                0x0000000008000abc                __aeabi_frsub
                0x0000000008000ac4                __subsf3
                0x0000000008000ac4                __aeabi_fsub
                0x0000000008000ac8                __aeabi_fadd
                0x0000000008000ac8                __addsf3
                0x0000000008000c28                __aeabi_ui2f
                0x0000000008000c28                __floatunsisf
                0x0000000008000c30                __aeabi_i2f
                0x0000000008000c30                __floatsisf
                0x0000000008000c4c                __aeabi_ul2f
                0x0000000008000c4c                __floatundisf
                0x0000000008000c5c                __aeabi_l2f
                0x0000000008000c5c                __floatdisf
 .text          0x0000000008000cd8       0xa0 c:/st/stm32cubeide_1.6.0/stm32cubeide/plugins/com.st.stm32cube.ide.mcu.externaltools.gnu-tools-for-stm32.9-2020-q2-update.win32_1.5.0.202011040924/tools/bin/../lib/gcc/arm-none-eabi/9.3.1/thumb/v7e-m+fp/hard\libgcc.a(_aeabi_ldivmod.o)
                0x0000000008000cd8                __aeabi_ldivmod
 .text          0x0000000008000d78       0x28 c:/st/stm32cubeide_1.6.0/stm32cubeide/plugins/com.st.stm32cube.ide.mcu.externaltools.gnu-tools-for-stm32.9-2020-q2-update.win32_1.5.0.202011040924/tools/bin/../lib/gcc/arm-none-eabi/9.3.1/thumb/v7e-m+fp/hard\libgcc.a(_fixsfdi.o)
                0x0000000008000d78                __fixsfdi
                0x0000000008000d78                __aeabi_f2lz
 .text          0x0000000008000da0       0x40 c:/st/stm32cubeide_1.6.0/stm32cubeide/plugins/com.st.stm32cube.ide.mcu.externaltools.gnu-tools-for-stm32.9-2020-q2-update.win32_1.5.0.202011040924/tools/bin/../lib/gcc/arm-none-eabi/9.3.1/thumb/v7e-m+fp/hard\libgcc.a(_fixunssfdi.o)
                0x0000000008000da0                __fixunssfdi
                0x0000000008000da0                __aeabi_f2ulz
 .text          0x0000000008000de0      0x2c4 c:/st/stm32cubeide_1.6.0/stm32cubeide/plugins/com.st.stm32cube.ide.mcu.externaltools.gnu-tools-for-stm32.9-2020-q2-update.win32_1.5.0.202011040924/tools/bin/../lib/gcc/arm-none-eabi/9.3.1/thumb/v7e-m+fp/hard\libgcc.a(_udivmoddi4.o)
                0x0000000008000de0                __udivmoddi4
 .text          0x00000000080010a4        0x4 c:/st/stm32cubeide_1.6.0/stm32cubeide/plugins/com.st.stm32cube.ide.mcu.externaltools.gnu-tools-for-stm32.9-2020-q2-update.win32_1.5.0.202011040924/tools/bin/../lib/gcc/arm-none-eabi/9.3.1/thumb/v7e-m+fp/hard\libgcc.a(_dvmd_tls.o)
                0x00000000080010a4                __aeabi_idiv0
                0x00000000080010a4                __aeabi_ldiv0
 .text          0x00000000080010a8       0x40 c:/st/stm32cubeide_1.6.0/stm32cubeide/plugins/com.st.stm32cube.ide.mcu.externaltools.gnu-tools-for-stm32.9-2020-q2-update.win32_1.5.0.202011040924/tools/bin/../lib/gcc/arm-none-eabi/9.3.1/thumb/v7e-m+fp/hard\libgcc.a(_arm_fixunsdfsi.o)
                0x00000000080010a8                __aeabi_d2uiz
                0x00000000080010a8                __fixunsdfsi
 *(.text*)
 .text.Display_TemHum
                0x00000000080010e8       0xb8 Src/App/main.o
                0x00000000080010e8                Display_TemHum
 .text.processGetValueSensor
                0x00000000080011a0       0x38 Src/App/main.o
                0x00000000080011a0                processGetValueSensor
 .text.main     0x00000000080011d8       0x94 Src/App/main.o
                0x00000000080011d8                main
 .text.I2C1Init
                0x000000000800126c       0x94 Src/Mid/I2C1-Interface/I2C1-Interface.o
                0x000000000800126c                I2C1Init
 .text.I2C1Stop
                0x0000000008001300       0x20 Src/Mid/I2C1-Interface/I2C1-Interface.o
                0x0000000008001300                I2C1Stop
 .text.I2C1Start
                0x0000000008001320       0x3c Src/Mid/I2C1-Interface/I2C1-Interface.o
                0x0000000008001320                I2C1Start
 .text.I2C1AddressDirection
                0x000000000800135c       0x60 Src/Mid/I2C1-Interface/I2C1-Interface.o
                0x000000000800135c                I2C1AddressDirection
 .text.I2C1Transmit
                0x00000000080013bc       0x38 Src/Mid/I2C1-Interface/I2C1-Interface.o
                0x00000000080013bc                I2C1Transmit
 .text.I2C1ReceiveAck
                0x00000000080013f4       0x30 Src/Mid/I2C1-Interface/I2C1-Interface.o
                0x00000000080013f4                I2C1ReceiveAck
 .text.I2C1ReceiveNack
                0x0000000008001424       0x30 Src/Mid/I2C1-Interface/I2C1-Interface.o
                0x0000000008001424                I2C1ReceiveNack
 .text.BMP280_Init
                0x0000000008001454      0x2b0 Src/Mid/temperature-pressure-altitude/temperature-pressure-altitude.o
                0x0000000008001454                BMP280_Init
 .text.beginWithI2C
                0x0000000008001704       0x40 Src/Mid/temperature-pressure-altitude/temperature-pressure-altitude.o
                0x0000000008001704                beginWithI2C
 .text.setMode  0x0000000008001744       0x40 Src/Mid/temperature-pressure-altitude/temperature-pressure-altitude.o
 .text.getMode  0x0000000008001784       0x20 Src/Mid/temperature-pressure-altitude/temperature-pressure-altitude.o
 .text.setStandbyTime
                0x00000000080017a4       0x48 Src/Mid/temperature-pressure-altitude/temperature-pressure-altitude.o
                0x00000000080017a4                setStandbyTime
 .text.setFilter
                0x00000000080017ec       0x48 Src/Mid/temperature-pressure-altitude/temperature-pressure-altitude.o
                0x00000000080017ec                setFilter
 .text.setTempOverSample
                0x0000000008001834       0x60 Src/Mid/temperature-pressure-altitude/temperature-pressure-altitude.o
                0x0000000008001834                setTempOverSample
 .text.setPressureOverSample
                0x0000000008001894       0x60 Src/Mid/temperature-pressure-altitude/temperature-pressure-altitude.o
                0x0000000008001894                setPressureOverSample
 .text.setHumidityOverSample
                0x00000000080018f4       0x58 Src/Mid/temperature-pressure-altitude/temperature-pressure-altitude.o
                0x00000000080018f4                setHumidityOverSample
 .text.checkSampleValue
                0x000000000800194c       0x84 Src/Mid/temperature-pressure-altitude/temperature-pressure-altitude.o
 .text.readFloatPressure
                0x00000000080019d0      0x3ec Src/Mid/temperature-pressure-altitude/temperature-pressure-altitude.o
                0x00000000080019d0                readFloatPressure
 .text.setReferencePressure
                0x0000000008001dbc       0x20 Src/Mid/temperature-pressure-altitude/temperature-pressure-altitude.o
                0x0000000008001dbc                setReferencePressure
 *fill*         0x0000000008001ddc        0x4 
 .text.readFloatAltitudeMeters
                0x0000000008001de0       0x6c Src/Mid/temperature-pressure-altitude/temperature-pressure-altitude.o
                0x0000000008001de0                readFloatAltitudeMeters
 .text.readTempC
                0x0000000008001e4c      0x100 Src/Mid/temperature-pressure-altitude/temperature-pressure-altitude.o
                0x0000000008001e4c                readTempC
 .text.readRegisterRegion
                0x0000000008001f4c       0xac Src/Mid/temperature-pressure-altitude/temperature-pressure-altitude.o
 .text.readRegister
                0x0000000008001ff8       0x6c Src/Mid/temperature-pressure-altitude/temperature-pressure-altitude.o
 .text.writeRegister
                0x0000000008002064       0x54 Src/Mid/temperature-pressure-altitude/temperature-pressure-altitude.o
 .text._sbrk    0x00000000080020b8       0x6c Src/sysmem.o
                0x00000000080020b8                _sbrk
 .text.Reset_Handler
                0x0000000008002124       0x50 Startup/startup_stm32f401retx.o
                0x0000000008002124                Reset_Handler
 .text.Default_Handler
                0x0000000008002174        0x2 Startup/startup_stm32f401retx.o
                0x0000000008002174                RTC_Alarm_IRQHandler
                0x0000000008002174                EXTI2_IRQHandler
                0x0000000008002174                DebugMon_Handler
                0x0000000008002174                SPI4_IRQHandler
                0x0000000008002174                TIM1_CC_IRQHandler
                0x0000000008002174                HardFault_Handler
                0x0000000008002174                PVD_IRQHandler
                0x0000000008002174                SDIO_IRQHandler
                0x0000000008002174                TAMP_STAMP_IRQHandler
                0x0000000008002174                PendSV_Handler
                0x0000000008002174                NMI_Handler
                0x0000000008002174                EXTI3_IRQHandler
                0x0000000008002174                TIM1_UP_TIM10_IRQHandler
                0x0000000008002174                I2C3_ER_IRQHandler
                0x0000000008002174                EXTI0_IRQHandler
                0x0000000008002174                I2C2_EV_IRQHandler
                0x0000000008002174                FPU_IRQHandler
                0x0000000008002174                UsageFault_Handler
                0x0000000008002174                SPI1_IRQHandler
                0x0000000008002174                TIM1_BRK_TIM9_IRQHandler
                0x0000000008002174                I2C1_EV_IRQHandler
                0x0000000008002174                TIM3_IRQHandler
                0x0000000008002174                RCC_IRQHandler
                0x0000000008002174                Default_Handler
                0x0000000008002174                EXTI15_10_IRQHandler
                0x0000000008002174                ADC_IRQHandler
                0x0000000008002174                I2C3_EV_IRQHandler
                0x0000000008002174                EXTI9_5_IRQHandler
                0x0000000008002174                RTC_WKUP_IRQHandler
                0x0000000008002174                SPI2_IRQHandler
                0x0000000008002174                MemManage_Handler
                0x0000000008002174                SVC_Handler
                0x0000000008002174                EXTI4_IRQHandler
                0x0000000008002174                TIM2_IRQHandler
                0x0000000008002174                OTG_FS_WKUP_IRQHandler
                0x0000000008002174                TIM1_TRG_COM_TIM11_IRQHandler
                0x0000000008002174                EXTI1_IRQHandler
                0x0000000008002174                I2C2_ER_IRQHandler
                0x0000000008002174                FLASH_IRQHandler
                0x0000000008002174                BusFault_Handler
                0x0000000008002174                OTG_FS_IRQHandler
                0x0000000008002174                SPI3_IRQHandler
                0x0000000008002174                I2C1_ER_IRQHandler
 *fill*         0x0000000008002176        0x2 
 .text.SystemInit
                0x0000000008002178       0x6c D:\IOT\SDK_1.0.3_NUCLEO-F401RE\lib_stm\libLibraries.a(system_stm32f4xx.o)
                0x0000000008002178                SystemInit
 .text.SystemCoreClockUpdate
                0x00000000080021e4       0xf8 D:\IOT\SDK_1.0.3_NUCLEO-F401RE\lib_stm\libLibraries.a(system_stm32f4xx.o)
                0x00000000080021e4                SystemCoreClockUpdate
 .text.SetSysClock
                0x00000000080022dc       0xa0 D:\IOT\SDK_1.0.3_NUCLEO-F401RE\lib_stm\libLibraries.a(system_stm32f4xx.o)
 .text.GPIO_Init
                0x000000000800237c      0x11c D:\IOT\SDK_1.0.3_NUCLEO-F401RE\lib_stm\libLibraries.a(stm32f401re_gpio.o)
                0x000000000800237c                GPIO_Init
 .text.GPIO_WriteBit
                0x0000000008002498       0x30 D:\IOT\SDK_1.0.3_NUCLEO-F401RE\lib_stm\libLibraries.a(stm32f401re_gpio.o)
                0x0000000008002498                GPIO_WriteBit
 .text.GPIO_PinAFConfig
                0x00000000080024c8       0x92 D:\IOT\SDK_1.0.3_NUCLEO-F401RE\lib_stm\libLibraries.a(stm32f401re_gpio.o)
                0x00000000080024c8                GPIO_PinAFConfig
 *fill*         0x000000000800255a        0x2 
 .text.I2C_Init
                0x000000000800255c      0x184 D:\IOT\SDK_1.0.3_NUCLEO-F401RE\lib_stm\libLibraries.a(stm32f401re_i2c.o)
                0x000000000800255c                I2C_Init
 .text.I2C_Cmd  0x00000000080026e0       0x40 D:\IOT\SDK_1.0.3_NUCLEO-F401RE\lib_stm\libLibraries.a(stm32f401re_i2c.o)
                0x00000000080026e0                I2C_Cmd
 .text.I2C_GenerateSTART
                0x0000000008002720       0x40 D:\IOT\SDK_1.0.3_NUCLEO-F401RE\lib_stm\libLibraries.a(stm32f401re_i2c.o)
                0x0000000008002720                I2C_GenerateSTART
 .text.I2C_GenerateSTOP
                0x0000000008002760       0x40 D:\IOT\SDK_1.0.3_NUCLEO-F401RE\lib_stm\libLibraries.a(stm32f401re_i2c.o)
                0x0000000008002760                I2C_GenerateSTOP
 .text.I2C_Send7bitAddress
                0x00000000080027a0       0x3c D:\IOT\SDK_1.0.3_NUCLEO-F401RE\lib_stm\libLibraries.a(stm32f401re_i2c.o)
                0x00000000080027a0                I2C_Send7bitAddress
 .text.I2C_AcknowledgeConfig
                0x00000000080027dc       0x40 D:\IOT\SDK_1.0.3_NUCLEO-F401RE\lib_stm\libLibraries.a(stm32f401re_i2c.o)
                0x00000000080027dc                I2C_AcknowledgeConfig
 .text.I2C_SendData
                0x000000000800281c       0x20 D:\IOT\SDK_1.0.3_NUCLEO-F401RE\lib_stm\libLibraries.a(stm32f401re_i2c.o)
                0x000000000800281c                I2C_SendData
 .text.I2C_ReceiveData
                0x000000000800283c       0x1c D:\IOT\SDK_1.0.3_NUCLEO-F401RE\lib_stm\libLibraries.a(stm32f401re_i2c.o)
                0x000000000800283c                I2C_ReceiveData
 .text.I2C_CheckEvent
                0x0000000008002858       0x60 D:\IOT\SDK_1.0.3_NUCLEO-F401RE\lib_stm\libLibraries.a(stm32f401re_i2c.o)
                0x0000000008002858                I2C_CheckEvent
 .text.I2C_GetFlagStatus
                0x00000000080028b8       0x66 D:\IOT\SDK_1.0.3_NUCLEO-F401RE\lib_stm\libLibraries.a(stm32f401re_i2c.o)
                0x00000000080028b8                I2C_GetFlagStatus
 .text.I2C_ClearFlag
                0x000000000800291e       0x2e D:\IOT\SDK_1.0.3_NUCLEO-F401RE\lib_stm\libLibraries.a(stm32f401re_i2c.o)
                0x000000000800291e                I2C_ClearFlag
 .text.RCC_GetClocksFreq
                0x000000000800294c      0x150 D:\IOT\SDK_1.0.3_NUCLEO-F401RE\lib_stm\libLibraries.a(stm32f401re_rcc.o)
                0x000000000800294c                RCC_GetClocksFreq
 .text.RCC_AHB1PeriphClockCmd
                0x0000000008002a9c       0x40 D:\IOT\SDK_1.0.3_NUCLEO-F401RE\lib_stm\libLibraries.a(stm32f401re_rcc.o)
                0x0000000008002a9c                RCC_AHB1PeriphClockCmd
 .text.RCC_APB1PeriphClockCmd
                0x0000000008002adc       0x40 D:\IOT\SDK_1.0.3_NUCLEO-F401RE\lib_stm\libLibraries.a(stm32f401re_rcc.o)
                0x0000000008002adc                RCC_APB1PeriphClockCmd
 .text.NVIC_SetPriority
                0x0000000008002b1c       0x54 D:\IOT\SDK_1.0.3_NUCLEO-F401RE\lib_stm\libLibraries.a(timer.o)
 .text.SysTick_Config
                0x0000000008002b70       0x44 D:\IOT\SDK_1.0.3_NUCLEO-F401RE\lib_stm\libLibraries.a(timer.o)
 .text.TimerInit
                0x0000000008002bb4       0x44 D:\IOT\SDK_1.0.3_NUCLEO-F401RE\lib_stm\libLibraries.a(timer.o)
                0x0000000008002bb4                TimerInit
 .text.TimerStart
                0x0000000008002bf8       0xc4 D:\IOT\SDK_1.0.3_NUCLEO-F401RE\lib_stm\libLibraries.a(timer.o)
                0x0000000008002bf8                TimerStart
 .text.TimerStop
                0x0000000008002cbc       0xa0 D:\IOT\SDK_1.0.3_NUCLEO-F401RE\lib_stm\libLibraries.a(timer.o)
                0x0000000008002cbc                TimerStop
 .text.GetMilSecTick
                0x0000000008002d5c       0x18 D:\IOT\SDK_1.0.3_NUCLEO-F401RE\lib_stm\libLibraries.a(timer.o)
                0x0000000008002d5c                GetMilSecTick
 .text.processTimerScheduler
                0x0000000008002d74       0xf0 D:\IOT\SDK_1.0.3_NUCLEO-F401RE\lib_stm\libLibraries.a(timer.o)
                0x0000000008002d74                processTimerScheduler
 .text.TimeExpired
                0x0000000008002e64       0xcc D:\IOT\SDK_1.0.3_NUCLEO-F401RE\lib_stm\libLibraries.a(timer.o)
 .text.SysTick_Handler
                0x0000000008002f30       0x1c D:\IOT\SDK_1.0.3_NUCLEO-F401RE\lib_stm\libLibraries.a(timer.o)
                0x0000000008002f30                SysTick_Handler
 .text.delayMicroseconds
                0x0000000008002f4c       0x14 D:\IOT\SDK_1.0.3_NUCLEO-F401RE\lib_stm\libLibraries.a(Ucglib.o)
 .text.ucg_gpio_init
                0x0000000008002f60       0x60 D:\IOT\SDK_1.0.3_NUCLEO-F401RE\lib_stm\libLibraries.a(Ucglib.o)
 .text.ucg_com_arduino_send_generic_SW_SPI
                0x0000000008002fc0       0x74 D:\IOT\SDK_1.0.3_NUCLEO-F401RE\lib_stm\libLibraries.a(Ucglib.o)
 .text.ucg_com_arduino_generic_SW_SPI
                0x0000000008003034      0x1ec D:\IOT\SDK_1.0.3_NUCLEO-F401RE\lib_stm\libLibraries.a(Ucglib.o)
 .text.Ucglib4WireSWSPI_begin
                0x0000000008003220       0x38 D:\IOT\SDK_1.0.3_NUCLEO-F401RE\lib_stm\libLibraries.a(Ucglib.o)
                0x0000000008003220                Ucglib4WireSWSPI_begin
 .text.ucg_DrawBox
                0x0000000008003258       0x56 D:\IOT\SDK_1.0.3_NUCLEO-F401RE\lib_stm\libLibraries.a(ucg_box.o)
                0x0000000008003258                ucg_DrawBox
 .text.ucg_ClearScreen
                0x00000000080032ae       0x50 D:\IOT\SDK_1.0.3_NUCLEO-F401RE\lib_stm\libLibraries.a(ucg_box.o)
                0x00000000080032ae                ucg_ClearScreen
 .text.ucg_ccs_init
                0x00000000080032fe       0xc0 D:\IOT\SDK_1.0.3_NUCLEO-F401RE\lib_stm\libLibraries.a(ucg_ccs.o)
                0x00000000080032fe                ucg_ccs_init
 .text.ucg_ccs_step
                0x00000000080033be       0x80 D:\IOT\SDK_1.0.3_NUCLEO-F401RE\lib_stm\libLibraries.a(ucg_ccs.o)
                0x00000000080033be                ucg_ccs_step
 .text.ucg_ccs_seek
                0x000000000800343e       0xca D:\IOT\SDK_1.0.3_NUCLEO-F401RE\lib_stm\libLibraries.a(ucg_ccs.o)
                0x000000000800343e                ucg_ccs_seek
 .text.ucg_dev_default_cb
                0x0000000008003508       0x44 D:\IOT\SDK_1.0.3_NUCLEO-F401RE\lib_stm\libLibraries.a(ucg_dev_default_cb.o)
                0x0000000008003508                ucg_dev_default_cb
 .text.ucg_ext_none
                0x000000000800354c       0x1c D:\IOT\SDK_1.0.3_NUCLEO-F401RE\lib_stm\libLibraries.a(ucg_dev_default_cb.o)
                0x000000000800354c                ucg_ext_none
 .text.ucg_handle_st7735_l90fx
                0x0000000008003568       0xd8 D:\IOT\SDK_1.0.3_NUCLEO-F401RE\lib_stm\libLibraries.a(ucg_dev_ic_st7735.o)
                0x0000000008003568                ucg_handle_st7735_l90fx
 .text.ucg_handle_st7735_l90se
                0x0000000008003640      0x154 D:\IOT\SDK_1.0.3_NUCLEO-F401RE\lib_stm\libLibraries.a(ucg_dev_ic_st7735.o)
                0x0000000008003640                ucg_handle_st7735_l90se
 .text.ucg_dev_ic_st7735_18
                0x0000000008003794       0xf8 D:\IOT\SDK_1.0.3_NUCLEO-F401RE\lib_stm\libLibraries.a(ucg_dev_ic_st7735.o)
                0x0000000008003794                ucg_dev_ic_st7735_18
 .text.ucg_ext_st7735_18
                0x000000000800388c       0x28 D:\IOT\SDK_1.0.3_NUCLEO-F401RE\lib_stm\libLibraries.a(ucg_dev_ic_st7735.o)
                0x000000000800388c                ucg_ext_st7735_18
 .text.ucg_PowerDown
                0x00000000080038b4       0x34 D:\IOT\SDK_1.0.3_NUCLEO-F401RE\lib_stm\libLibraries.a(ucg_dev_msg_api.o)
                0x00000000080038b4                ucg_PowerDown
 .text.ucg_PowerUp
                0x00000000080038e8       0x3c D:\IOT\SDK_1.0.3_NUCLEO-F401RE\lib_stm\libLibraries.a(ucg_dev_msg_api.o)
                0x00000000080038e8                ucg_PowerUp
 .text.ucg_SetClipBox
                0x0000000008003924       0x1e D:\IOT\SDK_1.0.3_NUCLEO-F401RE\lib_stm\libLibraries.a(ucg_dev_msg_api.o)
                0x0000000008003924                ucg_SetClipBox
 .text.ucg_SetMaxClipRange
                0x0000000008003942       0x30 D:\IOT\SDK_1.0.3_NUCLEO-F401RE\lib_stm\libLibraries.a(ucg_dev_msg_api.o)
                0x0000000008003942                ucg_SetMaxClipRange
 .text.ucg_GetDimension
                0x0000000008003972       0x24 D:\IOT\SDK_1.0.3_NUCLEO-F401RE\lib_stm\libLibraries.a(ucg_dev_msg_api.o)
                0x0000000008003972                ucg_GetDimension
 .text.ucg_DrawL90FXWithArg
                0x0000000008003996       0x1e D:\IOT\SDK_1.0.3_NUCLEO-F401RE\lib_stm\libLibraries.a(ucg_dev_msg_api.o)
                0x0000000008003996                ucg_DrawL90FXWithArg
 .text.ucg_dev_st7735_18x128x128
                0x00000000080039b4       0x80 D:\IOT\SDK_1.0.3_NUCLEO-F401RE\lib_stm\libLibraries.a(ucg_dev_tft_128x128_st7735.o)
                0x00000000080039b4                ucg_dev_st7735_18x128x128
 .text.ucg_font_get_byte
                0x0000000008003a34       0x24 D:\IOT\SDK_1.0.3_NUCLEO-F401RE\lib_stm\libLibraries.a(ucg_font.o)
 .text.ucg_font_get_word
                0x0000000008003a58       0x40 D:\IOT\SDK_1.0.3_NUCLEO-F401RE\lib_stm\libLibraries.a(ucg_font.o)
 .text.ucg_read_font_info
                0x0000000008003a98      0x142 D:\IOT\SDK_1.0.3_NUCLEO-F401RE\lib_stm\libLibraries.a(ucg_font.o)
                0x0000000008003a98                ucg_read_font_info
 .text.ucg_font_decode_get_unsigned_bits
                0x0000000008003bda       0x96 D:\IOT\SDK_1.0.3_NUCLEO-F401RE\lib_stm\libLibraries.a(ucg_font.o)
                0x0000000008003bda                ucg_font_decode_get_unsigned_bits
 .text.ucg_font_decode_get_signed_bits
                0x0000000008003c70       0x46 D:\IOT\SDK_1.0.3_NUCLEO-F401RE\lib_stm\libLibraries.a(ucg_font.o)
                0x0000000008003c70                ucg_font_decode_get_signed_bits
 .text.ucg_add_vector_y
                0x0000000008003cb6       0x7a D:\IOT\SDK_1.0.3_NUCLEO-F401RE\lib_stm\libLibraries.a(ucg_font.o)
 .text.ucg_add_vector_x
                0x0000000008003d30       0x7a D:\IOT\SDK_1.0.3_NUCLEO-F401RE\lib_stm\libLibraries.a(ucg_font.o)
 .text.ucg_font_decode_len
                0x0000000008003daa      0x118 D:\IOT\SDK_1.0.3_NUCLEO-F401RE\lib_stm\libLibraries.a(ucg_font.o)
                0x0000000008003daa                ucg_font_decode_len
 .text.ucg_font_setup_decode
                0x0000000008003ec2       0x64 D:\IOT\SDK_1.0.3_NUCLEO-F401RE\lib_stm\libLibraries.a(ucg_font.o)
 .text.ucg_font_decode_glyph
                0x0000000008003f26      0x14c D:\IOT\SDK_1.0.3_NUCLEO-F401RE\lib_stm\libLibraries.a(ucg_font.o)
                0x0000000008003f26                ucg_font_decode_glyph
 .text.ucg_font_get_glyph_data
                0x0000000008004072       0x7a D:\IOT\SDK_1.0.3_NUCLEO-F401RE\lib_stm\libLibraries.a(ucg_font.o)
                0x0000000008004072                ucg_font_get_glyph_data
 .text.ucg_font_draw_glyph
                0x00000000080040ec       0x62 D:\IOT\SDK_1.0.3_NUCLEO-F401RE\lib_stm\libLibraries.a(ucg_font.o)
                0x00000000080040ec                ucg_font_draw_glyph
 .text.ucg_SetFontMode
                0x000000000800414e       0x20 D:\IOT\SDK_1.0.3_NUCLEO-F401RE\lib_stm\libLibraries.a(ucg_font.o)
                0x000000000800414e                ucg_SetFontMode
 *fill*         0x000000000800416e        0x2 
 .text.ucg_DrawGlyph
                0x0000000008004170       0xb0 D:\IOT\SDK_1.0.3_NUCLEO-F401RE\lib_stm\libLibraries.a(ucg_font.o)
                0x0000000008004170                ucg_DrawGlyph
 .text.task_drawString
                0x0000000008004220      0x138 D:\IOT\SDK_1.0.3_NUCLEO-F401RE\lib_stm\libLibraries.a(ucg_font.o)
                0x0000000008004220                task_drawString
 .text.ucg_DrawString
                0x0000000008004358       0x78 D:\IOT\SDK_1.0.3_NUCLEO-F401RE\lib_stm\libLibraries.a(ucg_font.o)
                0x0000000008004358                ucg_DrawString
 .text.ucg_UpdateRefHeight
                0x00000000080043d0       0xd8 D:\IOT\SDK_1.0.3_NUCLEO-F401RE\lib_stm\libLibraries.a(ucg_font.o)
                0x00000000080043d0                ucg_UpdateRefHeight
 .text.ucg_font_calc_vref_font
                0x00000000080044a8       0x16 D:\IOT\SDK_1.0.3_NUCLEO-F401RE\lib_stm\libLibraries.a(ucg_font.o)
                0x00000000080044a8                ucg_font_calc_vref_font
 *fill*         0x00000000080044be        0x2 
 .text.ucg_SetFontPosBaseline
                0x00000000080044c0       0x20 D:\IOT\SDK_1.0.3_NUCLEO-F401RE\lib_stm\libLibraries.a(ucg_font.o)
                0x00000000080044c0                ucg_SetFontPosBaseline
 .text.ucg_SetFont
                0x00000000080044e0       0x4c D:\IOT\SDK_1.0.3_NUCLEO-F401RE\lib_stm\libLibraries.a(ucg_font.o)
                0x00000000080044e0                ucg_SetFont
 .text.ucg_init_struct
                0x000000000800452c       0x50 D:\IOT\SDK_1.0.3_NUCLEO-F401RE\lib_stm\libLibraries.a(ucg_init.o)
                0x000000000800452c                ucg_init_struct
 .text.ucg_Init
                0x000000000800457c       0x5c D:\IOT\SDK_1.0.3_NUCLEO-F401RE\lib_stm\libLibraries.a(ucg_init.o)
                0x000000000800457c                ucg_Init
 .text.ucg_Draw90Line
                0x00000000080045d8       0x88 D:\IOT\SDK_1.0.3_NUCLEO-F401RE\lib_stm\libLibraries.a(ucg_line.o)
                0x00000000080045d8                ucg_Draw90Line
 .text.ucg_DrawHLine
                0x0000000008004660       0x3e D:\IOT\SDK_1.0.3_NUCLEO-F401RE\lib_stm\libLibraries.a(ucg_line.o)
                0x0000000008004660                ucg_DrawHLine
 .text.ucg_SetColor
                0x000000000800469e       0x5c D:\IOT\SDK_1.0.3_NUCLEO-F401RE\lib_stm\libLibraries.a(ucg_pixel.o)
                0x000000000800469e                ucg_SetColor
 .text.ucg_UndoRotate
                0x00000000080046fa       0x32 D:\IOT\SDK_1.0.3_NUCLEO-F401RE\lib_stm\libLibraries.a(ucg_rotate.o)
                0x00000000080046fa                ucg_UndoRotate
 .text.ucg_rotate_180_xy
                0x000000000800472c       0x66 D:\IOT\SDK_1.0.3_NUCLEO-F401RE\lib_stm\libLibraries.a(ucg_rotate.o)
 *fill*         0x0000000008004792        0x2 
 .text.ucg_dev_rotate180
                0x0000000008004794      0x100 D:\IOT\SDK_1.0.3_NUCLEO-F401RE\lib_stm\libLibraries.a(ucg_rotate.o)
                0x0000000008004794                ucg_dev_rotate180
 .text.ucg_SetRotate180
                0x0000000008004894       0x34 D:\IOT\SDK_1.0.3_NUCLEO-F401RE\lib_stm\libLibraries.a(ucg_rotate.o)
                0x0000000008004894                ucg_SetRotate180
 .text.bufInit  0x00000000080048c8       0x36 D:\IOT\SDK_1.0.3_NUCLEO-F401RE\lib_stm\libLibraries.a(buff.o)
                0x00000000080048c8                bufInit
 .text.bufNumItems
                0x00000000080048fe       0x18 D:\IOT\SDK_1.0.3_NUCLEO-F401RE\lib_stm\libLibraries.a(buff.o)
                0x00000000080048fe                bufNumItems
 .text.bufIsFull
                0x0000000008004916       0x26 D:\IOT\SDK_1.0.3_NUCLEO-F401RE\lib_stm\libLibraries.a(buff.o)
                0x0000000008004916                bufIsFull
 .text.bufIsEmpty
                0x000000000800493c       0x26 D:\IOT\SDK_1.0.3_NUCLEO-F401RE\lib_stm\libLibraries.a(buff.o)
                0x000000000800493c                bufIsEmpty
 .text.bufFlush
                0x0000000008004962       0x32 D:\IOT\SDK_1.0.3_NUCLEO-F401RE\lib_stm\libLibraries.a(buff.o)
                0x0000000008004962                bufFlush
 .text.bufEnDat
                0x0000000008004994       0x9c D:\IOT\SDK_1.0.3_NUCLEO-F401RE\lib_stm\libLibraries.a(buff.o)
                0x0000000008004994                bufEnDat
 .text.bufDeDat
                0x0000000008004a30       0x84 D:\IOT\SDK_1.0.3_NUCLEO-F401RE\lib_stm\libLibraries.a(buff.o)
                0x0000000008004a30                bufDeDat
 .text.memsetl  0x0000000008004ab4       0x32 D:\IOT\SDK_1.0.3_NUCLEO-F401RE\lib_stm\libLibraries.a(utilities.o)
                0x0000000008004ab4                memsetl
 .text.ucg_clip_is_x_visible
                0x0000000008004ae6       0x4a D:\IOT\SDK_1.0.3_NUCLEO-F401RE\lib_stm\libLibraries.a(ucg_clip.o)
 .text.ucg_clip_is_y_visible
                0x0000000008004b30       0x4a D:\IOT\SDK_1.0.3_NUCLEO-F401RE\lib_stm\libLibraries.a(ucg_clip.o)
 .text.ucg_clip_intersection
                0x0000000008004b7a       0x74 D:\IOT\SDK_1.0.3_NUCLEO-F401RE\lib_stm\libLibraries.a(ucg_clip.o)
 .text.ucg_clip_is_pixel_visible
                0x0000000008004bee       0x32 D:\IOT\SDK_1.0.3_NUCLEO-F401RE\lib_stm\libLibraries.a(ucg_clip.o)
                0x0000000008004bee                ucg_clip_is_pixel_visible
 .text.ucg_clip_l90fx
                0x0000000008004c20      0x300 D:\IOT\SDK_1.0.3_NUCLEO-F401RE\lib_stm\libLibraries.a(ucg_clip.o)
                0x0000000008004c20                ucg_clip_l90fx
 .text.ucg_clip_l90se
                0x0000000008004f20       0x54 D:\IOT\SDK_1.0.3_NUCLEO-F401RE\lib_stm\libLibraries.a(ucg_clip.o)
                0x0000000008004f20                ucg_clip_l90se
 .text.ucg_com_PowerDown
                0x0000000008004f74       0x3e D:\IOT\SDK_1.0.3_NUCLEO-F401RE\lib_stm\libLibraries.a(ucg_com_msg_api.o)
                0x0000000008004f74                ucg_com_PowerDown
 .text.ucg_com_PowerUp
                0x0000000008004fb2       0x60 D:\IOT\SDK_1.0.3_NUCLEO-F401RE\lib_stm\libLibraries.a(ucg_com_msg_api.o)
                0x0000000008004fb2                ucg_com_PowerUp
 .text.ucg_com_SetLineStatus
                0x0000000008005012       0xe2 D:\IOT\SDK_1.0.3_NUCLEO-F401RE\lib_stm\libLibraries.a(ucg_com_msg_api.o)
                0x0000000008005012                ucg_com_SetLineStatus
 .text.ucg_com_SetResetLineStatus
                0x00000000080050f4       0x20 D:\IOT\SDK_1.0.3_NUCLEO-F401RE\lib_stm\libLibraries.a(ucg_com_msg_api.o)
                0x00000000080050f4                ucg_com_SetResetLineStatus
 .text.ucg_com_SetCSLineStatus
                0x0000000008005114       0x20 D:\IOT\SDK_1.0.3_NUCLEO-F401RE\lib_stm\libLibraries.a(ucg_com_msg_api.o)
                0x0000000008005114                ucg_com_SetCSLineStatus
 .text.ucg_com_SetCDLineStatus
                0x0000000008005134       0x20 D:\IOT\SDK_1.0.3_NUCLEO-F401RE\lib_stm\libLibraries.a(ucg_com_msg_api.o)
                0x0000000008005134                ucg_com_SetCDLineStatus
 .text.ucg_com_DelayMicroseconds
                0x0000000008005154       0x22 D:\IOT\SDK_1.0.3_NUCLEO-F401RE\lib_stm\libLibraries.a(ucg_com_msg_api.o)
                0x0000000008005154                ucg_com_DelayMicroseconds
 .text.ucg_com_DelayMilliseconds
                0x0000000008005176       0x2c D:\IOT\SDK_1.0.3_NUCLEO-F401RE\lib_stm\libLibraries.a(ucg_com_msg_api.o)
                0x0000000008005176                ucg_com_DelayMilliseconds
 .text.ucg_com_SendByte
                0x00000000080051a2       0x24 D:\IOT\SDK_1.0.3_NUCLEO-F401RE\lib_stm\libLibraries.a(ucg_com_msg_api.o)
                0x00000000080051a2                ucg_com_SendByte
 .text.ucg_com_SendStringP
                0x00000000080051c6       0x40 D:\IOT\SDK_1.0.3_NUCLEO-F401RE\lib_stm\libLibraries.a(ucg_com_msg_api.o)
                0x00000000080051c6                ucg_com_SendStringP
 .text.ucg_com_SendCmdArg
                0x0000000008005206       0x74 D:\IOT\SDK_1.0.3_NUCLEO-F401RE\lib_stm\libLibraries.a(ucg_com_msg_api.o)
 *fill*         0x000000000800527a        0x2 
 .text.ucg_com_SendCmdSeq
                0x000000000800527c      0x278 D:\IOT\SDK_1.0.3_NUCLEO-F401RE\lib_stm\libLibraries.a(ucg_com_msg_api.o)
                0x000000000800527c                ucg_com_SendCmdSeq
 .text.__errno  0x00000000080054f4        0xc c:/st/stm32cubeide_1.6.0/stm32cubeide/plugins/com.st.stm32cube.ide.mcu.externaltools.gnu-tools-for-stm32.9-2020-q2-update.win32_1.5.0.202011040924/tools/bin/../lib/gcc/arm-none-eabi/9.3.1/../../../../arm-none-eabi/lib/thumb/v7e-m+fp/hard\libc_nano.a(lib_a-errno.o)
                0x00000000080054f4                __errno
 .text.__libc_init_array
                0x0000000008005500       0x48 c:/st/stm32cubeide_1.6.0/stm32cubeide/plugins/com.st.stm32cube.ide.mcu.externaltools.gnu-tools-for-stm32.9-2020-q2-update.win32_1.5.0.202011040924/tools/bin/../lib/gcc/arm-none-eabi/9.3.1/../../../../arm-none-eabi/lib/thumb/v7e-m+fp/hard\libc_nano.a(lib_a-init.o)
                0x0000000008005500                __libc_init_array
 .text.memset   0x0000000008005548       0x10 c:/st/stm32cubeide_1.6.0/stm32cubeide/plugins/com.st.stm32cube.ide.mcu.externaltools.gnu-tools-for-stm32.9-2020-q2-update.win32_1.5.0.202011040924/tools/bin/../lib/gcc/arm-none-eabi/9.3.1/../../../../arm-none-eabi/lib/thumb/v7e-m+fp/hard\libc_nano.a(lib_a-memset.o)
                0x0000000008005548                memset
 .text.sprintf  0x0000000008005558       0x40 c:/st/stm32cubeide_1.6.0/stm32cubeide/plugins/com.st.stm32cube.ide.mcu.externaltools.gnu-tools-for-stm32.9-2020-q2-update.win32_1.5.0.202011040924/tools/bin/../lib/gcc/arm-none-eabi/9.3.1/../../../../arm-none-eabi/lib/thumb/v7e-m+fp/hard\libc_nano.a(lib_a-sprintf.o)
                0x0000000008005558                siprintf
                0x0000000008005558                sprintf
 .text.__ssputs_r
                0x0000000008005598       0xb6 c:/st/stm32cubeide_1.6.0/stm32cubeide/plugins/com.st.stm32cube.ide.mcu.externaltools.gnu-tools-for-stm32.9-2020-q2-update.win32_1.5.0.202011040924/tools/bin/../lib/gcc/arm-none-eabi/9.3.1/../../../../arm-none-eabi/lib/thumb/v7e-m+fp/hard\libc_nano.a(lib_a-nano-svfprintf.o)
                0x0000000008005598                __ssputs_r
 *fill*         0x000000000800564e        0x2 
 .text._svfprintf_r
                0x0000000008005650      0x200 c:/st/stm32cubeide_1.6.0/stm32cubeide/plugins/com.st.stm32cube.ide.mcu.externaltools.gnu-tools-for-stm32.9-2020-q2-update.win32_1.5.0.202011040924/tools/bin/../lib/gcc/arm-none-eabi/9.3.1/../../../../arm-none-eabi/lib/thumb/v7e-m+fp/hard\libc_nano.a(lib_a-nano-svfprintf.o)
                0x0000000008005650                _svfiprintf_r
                0x0000000008005650                _svfprintf_r
 .text._printf_common
                0x0000000008005850       0xda c:/st/stm32cubeide_1.6.0/stm32cubeide/plugins/com.st.stm32cube.ide.mcu.externaltools.gnu-tools-for-stm32.9-2020-q2-update.win32_1.5.0.202011040924/tools/bin/../lib/gcc/arm-none-eabi/9.3.1/../../../../arm-none-eabi/lib/thumb/v7e-m+fp/hard\libc_nano.a(lib_a-nano-vfprintf_i.o)
                0x0000000008005850                _printf_common
 *fill*         0x000000000800592a        0x2 
 .text._printf_i
                0x000000000800592c      0x24c c:/st/stm32cubeide_1.6.0/stm32cubeide/plugins/com.st.stm32cube.ide.mcu.externaltools.gnu-tools-for-stm32.9-2020-q2-update.win32_1.5.0.202011040924/tools/bin/../lib/gcc/arm-none-eabi/9.3.1/../../../../arm-none-eabi/lib/thumb/v7e-m+fp/hard\libc_nano.a(lib_a-nano-vfprintf_i.o)
                0x000000000800592c                _printf_i
 .text.memcpy   0x0000000008005b78       0x1c c:/st/stm32cubeide_1.6.0/stm32cubeide/plugins/com.st.stm32cube.ide.mcu.externaltools.gnu-tools-for-stm32.9-2020-q2-update.win32_1.5.0.202011040924/tools/bin/../lib/gcc/arm-none-eabi/9.3.1/../../../../arm-none-eabi/lib/thumb/v7e-m+fp/hard\libc_nano.a(lib_a-memcpy-stub.o)
                0x0000000008005b78                memcpy
 .text.memmove  0x0000000008005b94       0x34 c:/st/stm32cubeide_1.6.0/stm32cubeide/plugins/com.st.stm32cube.ide.mcu.externaltools.gnu-tools-for-stm32.9-2020-q2-update.win32_1.5.0.202011040924/tools/bin/../lib/gcc/arm-none-eabi/9.3.1/../../../../arm-none-eabi/lib/thumb/v7e-m+fp/hard\libc_nano.a(lib_a-memmove.o)
                0x0000000008005b94                memmove
 .text._free_r  0x0000000008005bc8       0xa0 c:/st/stm32cubeide_1.6.0/stm32cubeide/plugins/com.st.stm32cube.ide.mcu.externaltools.gnu-tools-for-stm32.9-2020-q2-update.win32_1.5.0.202011040924/tools/bin/../lib/gcc/arm-none-eabi/9.3.1/../../../../arm-none-eabi/lib/thumb/v7e-m+fp/hard\libc_nano.a(lib_a-nano-freer.o)
                0x0000000008005bc8                _free_r
 .text._malloc_r
                0x0000000008005c68       0xb4 c:/st/stm32cubeide_1.6.0/stm32cubeide/plugins/com.st.stm32cube.ide.mcu.externaltools.gnu-tools-for-stm32.9-2020-q2-update.win32_1.5.0.202011040924/tools/bin/../lib/gcc/arm-none-eabi/9.3.1/../../../../arm-none-eabi/lib/thumb/v7e-m+fp/hard\libc_nano.a(lib_a-nano-mallocr.o)
                0x0000000008005c68                _malloc_r
 .text._realloc_r
                0x0000000008005d1c       0x4c c:/st/stm32cubeide_1.6.0/stm32cubeide/plugins/com.st.stm32cube.ide.mcu.externaltools.gnu-tools-for-stm32.9-2020-q2-update.win32_1.5.0.202011040924/tools/bin/../lib/gcc/arm-none-eabi/9.3.1/../../../../arm-none-eabi/lib/thumb/v7e-m+fp/hard\libc_nano.a(lib_a-nano-reallocr.o)
                0x0000000008005d1c                _realloc_r
 .text._sbrk_r  0x0000000008005d68       0x20 c:/st/stm32cubeide_1.6.0/stm32cubeide/plugins/com.st.stm32cube.ide.mcu.externaltools.gnu-tools-for-stm32.9-2020-q2-update.win32_1.5.0.202011040924/tools/bin/../lib/gcc/arm-none-eabi/9.3.1/../../../../arm-none-eabi/lib/thumb/v7e-m+fp/hard\libc_nano.a(lib_a-sbrkr.o)
                0x0000000008005d68                _sbrk_r
 .text.__malloc_lock
                0x0000000008005d88        0xc c:/st/stm32cubeide_1.6.0/stm32cubeide/plugins/com.st.stm32cube.ide.mcu.externaltools.gnu-tools-for-stm32.9-2020-q2-update.win32_1.5.0.202011040924/tools/bin/../lib/gcc/arm-none-eabi/9.3.1/../../../../arm-none-eabi/lib/thumb/v7e-m+fp/hard\libc_nano.a(lib_a-mlock.o)
                0x0000000008005d88                __malloc_lock
 .text.__malloc_unlock
                0x0000000008005d94        0xc c:/st/stm32cubeide_1.6.0/stm32cubeide/plugins/com.st.stm32cube.ide.mcu.externaltools.gnu-tools-for-stm32.9-2020-q2-update.win32_1.5.0.202011040924/tools/bin/../lib/gcc/arm-none-eabi/9.3.1/../../../../arm-none-eabi/lib/thumb/v7e-m+fp/hard\libc_nano.a(lib_a-mlock.o)
                0x0000000008005d94                __malloc_unlock
 .text._malloc_usable_size_r
                0x0000000008005da0       0x10 c:/st/stm32cubeide_1.6.0/stm32cubeide/plugins/com.st.stm32cube.ide.mcu.externaltools.gnu-tools-for-stm32.9-2020-q2-update.win32_1.5.0.202011040924/tools/bin/../lib/gcc/arm-none-eabi/9.3.1/../../../../arm-none-eabi/lib/thumb/v7e-m+fp/hard\libc_nano.a(lib_a-nano-msizer.o)
                0x0000000008005da0                _malloc_usable_size_r
 .text.__retarget_lock_acquire_recursive
                0x0000000008005db0        0x2 c:/st/stm32cubeide_1.6.0/stm32cubeide/plugins/com.st.stm32cube.ide.mcu.externaltools.gnu-tools-for-stm32.9-2020-q2-update.win32_1.5.0.202011040924/tools/bin/../lib/gcc/arm-none-eabi/9.3.1/../../../../arm-none-eabi/lib/thumb/v7e-m+fp/hard\libc_nano.a(lib_a-lock.o)
                0x0000000008005db0                __retarget_lock_acquire_recursive
 .text.__retarget_lock_release_recursive
                0x0000000008005db2        0x2 c:/st/stm32cubeide_1.6.0/stm32cubeide/plugins/com.st.stm32cube.ide.mcu.externaltools.gnu-tools-for-stm32.9-2020-q2-update.win32_1.5.0.202011040924/tools/bin/../lib/gcc/arm-none-eabi/9.3.1/../../../../arm-none-eabi/lib/thumb/v7e-m+fp/hard\libc_nano.a(lib_a-lock.o)
                0x0000000008005db2                __retarget_lock_release_recursive
 *(.glue_7)
 .glue_7        0x0000000008005db4        0x0 linker stubs
 *(.glue_7t)
 .glue_7t       0x0000000008005db4        0x0 linker stubs
 *(.eh_frame)
 .eh_frame      0x0000000008005db4        0x0 c:/st/stm32cubeide_1.6.0/stm32cubeide/plugins/com.st.stm32cube.ide.mcu.externaltools.gnu-tools-for-stm32.9-2020-q2-update.win32_1.5.0.202011040924/tools/bin/../lib/gcc/arm-none-eabi/9.3.1/thumb/v7e-m+fp/hard/crtbegin.o
 *(.init)
 .init          0x0000000008005db4        0x4 c:/st/stm32cubeide_1.6.0/stm32cubeide/plugins/com.st.stm32cube.ide.mcu.externaltools.gnu-tools-for-stm32.9-2020-q2-update.win32_1.5.0.202011040924/tools/bin/../lib/gcc/arm-none-eabi/9.3.1/thumb/v7e-m+fp/hard/crti.o
                0x0000000008005db4                _init
 .init          0x0000000008005db8        0x8 c:/st/stm32cubeide_1.6.0/stm32cubeide/plugins/com.st.stm32cube.ide.mcu.externaltools.gnu-tools-for-stm32.9-2020-q2-update.win32_1.5.0.202011040924/tools/bin/../lib/gcc/arm-none-eabi/9.3.1/thumb/v7e-m+fp/hard/crtn.o
 *(.fini)
 .fini          0x0000000008005dc0        0x4 c:/st/stm32cubeide_1.6.0/stm32cubeide/plugins/com.st.stm32cube.ide.mcu.externaltools.gnu-tools-for-stm32.9-2020-q2-update.win32_1.5.0.202011040924/tools/bin/../lib/gcc/arm-none-eabi/9.3.1/thumb/v7e-m+fp/hard/crti.o
                0x0000000008005dc0                _fini
 .fini          0x0000000008005dc4        0x8 c:/st/stm32cubeide_1.6.0/stm32cubeide/plugins/com.st.stm32cube.ide.mcu.externaltools.gnu-tools-for-stm32.9-2020-q2-update.win32_1.5.0.202011040924/tools/bin/../lib/gcc/arm-none-eabi/9.3.1/thumb/v7e-m+fp/hard/crtn.o
                0x0000000008005dcc                . = ALIGN (0x4)
                0x0000000008005dcc                _etext = .

.vfp11_veneer   0x0000000008005dcc        0x0
 .vfp11_veneer  0x0000000008005dcc        0x0 linker stubs

.v4_bx          0x0000000008005dcc        0x0
 .v4_bx         0x0000000008005dcc        0x0 linker stubs

.iplt           0x0000000008005dcc        0x0
 .iplt          0x0000000008005dcc        0x0 c:/st/stm32cubeide_1.6.0/stm32cubeide/plugins/com.st.stm32cube.ide.mcu.externaltools.gnu-tools-for-stm32.9-2020-q2-update.win32_1.5.0.202011040924/tools/bin/../lib/gcc/arm-none-eabi/9.3.1/thumb/v7e-m+fp/hard/crtbegin.o

.rodata         0x0000000008005dcc      0x8fc
                0x0000000008005dcc                . = ALIGN (0x4)
 *(.rodata)
 .rodata        0x0000000008005dcc       0x2d Src/App/main.o
 *fill*         0x0000000008005df9        0x3 
 .rodata        0x0000000008005dfc        0xf D:\IOT\SDK_1.0.3_NUCLEO-F401RE\lib_stm\libLibraries.a(ucg_font.o)
 *(.rodata*)
 *fill*         0x0000000008005e0b        0x1 
 .rodata.ucg_st7735_set_pos_seq
                0x0000000008005e0c       0x1e D:\IOT\SDK_1.0.3_NUCLEO-F401RE\lib_stm\libLibraries.a(ucg_dev_ic_st7735.o)
                0x0000000008005e0c                ucg_st7735_set_pos_seq
 *fill*         0x0000000008005e2a        0x2 
 .rodata.ucg_st7735_set_pos_dir0_seq
                0x0000000008005e2c       0x1e D:\IOT\SDK_1.0.3_NUCLEO-F401RE\lib_stm\libLibraries.a(ucg_dev_ic_st7735.o)
                0x0000000008005e2c                ucg_st7735_set_pos_dir0_seq
 *fill*         0x0000000008005e4a        0x2 
 .rodata.ucg_st7735_set_pos_dir1_seq
                0x0000000008005e4c       0x21 D:\IOT\SDK_1.0.3_NUCLEO-F401RE\lib_stm\libLibraries.a(ucg_dev_ic_st7735.o)
                0x0000000008005e4c                ucg_st7735_set_pos_dir1_seq
 *fill*         0x0000000008005e6d        0x3 
 .rodata.ucg_st7735_set_pos_dir2_seq
                0x0000000008005e70       0x21 D:\IOT\SDK_1.0.3_NUCLEO-F401RE\lib_stm\libLibraries.a(ucg_dev_ic_st7735.o)
                0x0000000008005e70                ucg_st7735_set_pos_dir2_seq
 *fill*         0x0000000008005e91        0x3 
 .rodata.ucg_st7735_set_pos_dir3_seq
                0x0000000008005e94       0x24 D:\IOT\SDK_1.0.3_NUCLEO-F401RE\lib_stm\libLibraries.a(ucg_dev_ic_st7735.o)
                0x0000000008005e94                ucg_st7735_set_pos_dir3_seq
 .rodata.ucg_st7735_power_down_seq
                0x0000000008005eb8        0x7 D:\IOT\SDK_1.0.3_NUCLEO-F401RE\lib_stm\libLibraries.a(ucg_dev_ic_st7735.o)
 *fill*         0x0000000008005ebf        0x1 
 .rodata.ucg_tft_128x160_st7735_init_seq
                0x0000000008005ec0       0x2c D:\IOT\SDK_1.0.3_NUCLEO-F401RE\lib_stm\libLibraries.a(ucg_dev_tft_128x128_st7735.o)
 .rodata.ucg_font_ncenR12_hr
                0x0000000008005eec      0x7a8 D:\IOT\SDK_1.0.3_NUCLEO-F401RE\lib_stm\libLibraries.a(ucg_pixel_font_data.o)
                0x0000000008005eec                ucg_font_ncenR12_hr
 .rodata._svfprintf_r.str1.1
                0x0000000008006694       0x11 c:/st/stm32cubeide_1.6.0/stm32cubeide/plugins/com.st.stm32cube.ide.mcu.externaltools.gnu-tools-for-stm32.9-2020-q2-update.win32_1.5.0.202011040924/tools/bin/../lib/gcc/arm-none-eabi/9.3.1/../../../../arm-none-eabi/lib/thumb/v7e-m+fp/hard\libc_nano.a(lib_a-nano-svfprintf.o)
 .rodata._printf_i.str1.1
                0x00000000080066a5       0x22 c:/st/stm32cubeide_1.6.0/stm32cubeide/plugins/com.st.stm32cube.ide.mcu.externaltools.gnu-tools-for-stm32.9-2020-q2-update.win32_1.5.0.202011040924/tools/bin/../lib/gcc/arm-none-eabi/9.3.1/../../../../arm-none-eabi/lib/thumb/v7e-m+fp/hard\libc_nano.a(lib_a-nano-vfprintf_i.o)
                0x00000000080066c8                . = ALIGN (0x4)
 *fill*         0x00000000080066c7        0x1 

.ARM.extab      0x00000000080066c8        0x0
                0x00000000080066c8                . = ALIGN (0x4)
 *(.ARM.extab* .gnu.linkonce.armextab.*)
                0x00000000080066c8                . = ALIGN (0x4)

.ARM            0x00000000080066c8        0x8
                0x00000000080066c8                . = ALIGN (0x4)
                0x00000000080066c8                __exidx_start = .
 *(.ARM.exidx*)
 .ARM.exidx     0x00000000080066c8        0x8 c:/st/stm32cubeide_1.6.0/stm32cubeide/plugins/com.st.stm32cube.ide.mcu.externaltools.gnu-tools-for-stm32.9-2020-q2-update.win32_1.5.0.202011040924/tools/bin/../lib/gcc/arm-none-eabi/9.3.1/thumb/v7e-m+fp/hard\libgcc.a(_udivmoddi4.o)
                0x00000000080066d0                __exidx_end = .
                0x00000000080066d0                . = ALIGN (0x4)

.rel.dyn        0x00000000080066d0        0x0
 .rel.iplt      0x00000000080066d0        0x0 c:/st/stm32cubeide_1.6.0/stm32cubeide/plugins/com.st.stm32cube.ide.mcu.externaltools.gnu-tools-for-stm32.9-2020-q2-update.win32_1.5.0.202011040924/tools/bin/../lib/gcc/arm-none-eabi/9.3.1/thumb/v7e-m+fp/hard/crtbegin.o

.preinit_array  0x00000000080066d0        0x0
                0x00000000080066d0                . = ALIGN (0x4)
                0x00000000080066d0                PROVIDE (__preinit_array_start = .)
 *(.preinit_array*)
                0x00000000080066d0                PROVIDE (__preinit_array_end = .)
                0x00000000080066d0                . = ALIGN (0x4)

.init_array     0x00000000080066d0        0x4
                0x00000000080066d0                . = ALIGN (0x4)
                0x00000000080066d0                PROVIDE (__init_array_start = .)
 *(SORT_BY_NAME(.init_array.*))
 *(.init_array*)
 .init_array    0x00000000080066d0        0x4 c:/st/stm32cubeide_1.6.0/stm32cubeide/plugins/com.st.stm32cube.ide.mcu.externaltools.gnu-tools-for-stm32.9-2020-q2-update.win32_1.5.0.202011040924/tools/bin/../lib/gcc/arm-none-eabi/9.3.1/thumb/v7e-m+fp/hard/crtbegin.o
                0x00000000080066d4                PROVIDE (__init_array_end = .)
                0x00000000080066d4                . = ALIGN (0x4)

.fini_array     0x00000000080066d4        0x4
                0x00000000080066d4                . = ALIGN (0x4)
                [!provide]                        PROVIDE (__fini_array_start = .)
 *(SORT_BY_NAME(.fini_array.*))
 *(.fini_array*)
 .fini_array    0x00000000080066d4        0x4 c:/st/stm32cubeide_1.6.0/stm32cubeide/plugins/com.st.stm32cube.ide.mcu.externaltools.gnu-tools-for-stm32.9-2020-q2-update.win32_1.5.0.202011040924/tools/bin/../lib/gcc/arm-none-eabi/9.3.1/thumb/v7e-m+fp/hard/crtbegin.o
                [!provide]                        PROVIDE (__fini_array_end = .)
                0x00000000080066d8                . = ALIGN (0x4)
                0x00000000080066d8                _sidata = LOADADDR (.data)

.data           0x0000000020000000       0x90 load address 0x00000000080066d8
                0x0000000020000000                . = ALIGN (0x4)
                0x0000000020000000                _sdata = .
 *(.data)
 *(.data*)
 .data.g_fReferencePressure
                0x0000000020000000        0x4 Src/Mid/temperature-pressure-altitude/temperature-pressure-altitude.o
                0x0000000020000000                g_fReferencePressure
 .data.SystemCoreClock
                0x0000000020000004        0x4 D:\IOT\SDK_1.0.3_NUCLEO-F401RE\lib_stm\libLibraries.a(system_stm32f4xx.o)
                0x0000000020000004                SystemCoreClock
 .data.AHBPrescTable
                0x0000000020000008       0x10 D:\IOT\SDK_1.0.3_NUCLEO-F401RE\lib_stm\libLibraries.a(system_stm32f4xx.o)
                0x0000000020000008                AHBPrescTable
 .data.APBAHBPrescTable
                0x0000000020000018       0x10 D:\IOT\SDK_1.0.3_NUCLEO-F401RE\lib_stm\libLibraries.a(stm32f401re_rcc.o)
 .data.idTaskScanDecodeLen
                0x0000000020000028        0x1 D:\IOT\SDK_1.0.3_NUCLEO-F401RE\lib_stm\libLibraries.a(ucg_font.o)
 *fill*         0x0000000020000029        0x3 
 .data._impure_ptr
                0x000000002000002c        0x4 c:/st/stm32cubeide_1.6.0/stm32cubeide/plugins/com.st.stm32cube.ide.mcu.externaltools.gnu-tools-for-stm32.9-2020-q2-update.win32_1.5.0.202011040924/tools/bin/../lib/gcc/arm-none-eabi/9.3.1/../../../../arm-none-eabi/lib/thumb/v7e-m+fp/hard\libc_nano.a(lib_a-impure.o)
                0x000000002000002c                _impure_ptr
 .data.impure_data
                0x0000000020000030       0x60 c:/st/stm32cubeide_1.6.0/stm32cubeide/plugins/com.st.stm32cube.ide.mcu.externaltools.gnu-tools-for-stm32.9-2020-q2-update.win32_1.5.0.202011040924/tools/bin/../lib/gcc/arm-none-eabi/9.3.1/../../../../arm-none-eabi/lib/thumb/v7e-m+fp/hard\libc_nano.a(lib_a-impure.o)
 *(.RamFunc)
 *(.RamFunc*)
                0x0000000020000090                . = ALIGN (0x4)
                0x0000000020000090                _edata = .

.igot.plt       0x0000000020000090        0x0 load address 0x0000000008006768
 .igot.plt      0x0000000020000090        0x0 c:/st/stm32cubeide_1.6.0/stm32cubeide/plugins/com.st.stm32cube.ide.mcu.externaltools.gnu-tools-for-stm32.9-2020-q2-update.win32_1.5.0.202011040924/tools/bin/../lib/gcc/arm-none-eabi/9.3.1/thumb/v7e-m+fp/hard/crtbegin.o
                0x0000000020000090                . = ALIGN (0x4)

.bss            0x0000000020000090     0x1314 load address 0x0000000008006768
                0x0000000020000090                _sbss = .
                0x0000000020000090                __bss_start__ = _sbss
 *(.bss)
 .bss           0x0000000020000090       0x1c c:/st/stm32cubeide_1.6.0/stm32cubeide/plugins/com.st.stm32cube.ide.mcu.externaltools.gnu-tools-for-stm32.9-2020-q2-update.win32_1.5.0.202011040924/tools/bin/../lib/gcc/arm-none-eabi/9.3.1/thumb/v7e-m+fp/hard/crtbegin.o
 *(.bss*)
 .bss.ucg       0x00000000200000ac       0xb4 Src/App/main.o
 .bss.g_byTimerInit
                0x0000000020000160        0x4 Src/App/main.o
                0x0000000020000160                g_byTimerInit
 .bss.g_byTimerCurrent
                0x0000000020000164        0x4 Src/App/main.o
                0x0000000020000164                g_byTimerCurrent
 .bss.strPres.8218
                0x0000000020000168       0x14 Src/App/main.o
 .bss.strTemp.8219
                0x000000002000017c       0x14 Src/App/main.o
 .bss.strAlti.8220
                0x0000000020000190       0x14 Src/App/main.o
 .bss.__sbrk_heap_end
                0x00000000200001a4        0x4 Src/sysmem.o
 .bss.g_pTimerHandle
                0x00000000200001a8      0x180 D:\IOT\SDK_1.0.3_NUCLEO-F401RE\lib_stm\libLibraries.a(timer.o)
 .bss.g_wMilSecTickTimer
                0x0000000020000328        0x4 D:\IOT\SDK_1.0.3_NUCLEO-F401RE\lib_stm\libLibraries.a(timer.o)
 .bss.fontQueue
                0x000000002000032c       0x10 D:\IOT\SDK_1.0.3_NUCLEO-F401RE\lib_stm\libLibraries.a(ucg_font.o)
 .bss.pQueueFont
                0x000000002000033c     0x1000 D:\IOT\SDK_1.0.3_NUCLEO-F401RE\lib_stm\libLibraries.a(ucg_font.o)
 .bss.next.7562
                0x000000002000133c        0x1 D:\IOT\SDK_1.0.3_NUCLEO-F401RE\lib_stm\libLibraries.a(ucg_font.o)
 *fill*         0x000000002000133d        0x3 
 .bss.__malloc_free_list
                0x0000000020001340        0x4 c:/st/stm32cubeide_1.6.0/stm32cubeide/plugins/com.st.stm32cube.ide.mcu.externaltools.gnu-tools-for-stm32.9-2020-q2-update.win32_1.5.0.202011040924/tools/bin/../lib/gcc/arm-none-eabi/9.3.1/../../../../arm-none-eabi/lib/thumb/v7e-m+fp/hard\libc_nano.a(lib_a-nano-mallocr.o)
                0x0000000020001340                __malloc_free_list
 .bss.__malloc_sbrk_start
                0x0000000020001344        0x4 c:/st/stm32cubeide_1.6.0/stm32cubeide/plugins/com.st.stm32cube.ide.mcu.externaltools.gnu-tools-for-stm32.9-2020-q2-update.win32_1.5.0.202011040924/tools/bin/../lib/gcc/arm-none-eabi/9.3.1/../../../../arm-none-eabi/lib/thumb/v7e-m+fp/hard\libc_nano.a(lib_a-nano-mallocr.o)
                0x0000000020001344                __malloc_sbrk_start
 *(COMMON)
 COMMON         0x0000000020001348       0x40 Src/Mid/temperature-pressure-altitude/temperature-pressure-altitude.o
                0x0000000020001348                g_SensorSettings
                0x0000000020001358                SensorMode
                0x000000002000135c                g_Calibration
                0x0000000020001380                StandbyDuration
                0x0000000020001381                SensorFilter
                0x0000000020001384                g_fTempfine
 COMMON         0x0000000020001388        0xc D:\IOT\SDK_1.0.3_NUCLEO-F401RE\lib_stm\libLibraries.a(ucg_font.o)
                0x0000000020001388                ucg_draw_str
 COMMON         0x0000000020001394        0x4 c:/st/stm32cubeide_1.6.0/stm32cubeide/plugins/com.st.stm32cube.ide.mcu.externaltools.gnu-tools-for-stm32.9-2020-q2-update.win32_1.5.0.202011040924/tools/bin/../lib/gcc/arm-none-eabi/9.3.1/../../../../arm-none-eabi/lib/thumb/v7e-m+fp/hard\libc_nano.a(lib_a-reent.o)
                0x0000000020001394                errno
 COMMON         0x0000000020001398        0x9 c:/st/stm32cubeide_1.6.0/stm32cubeide/plugins/com.st.stm32cube.ide.mcu.externaltools.gnu-tools-for-stm32.9-2020-q2-update.win32_1.5.0.202011040924/tools/bin/../lib/gcc/arm-none-eabi/9.3.1/../../../../arm-none-eabi/lib/thumb/v7e-m+fp/hard\libc_nano.a(lib_a-lock.o)
                0x0000000020001398                __lock___atexit_recursive_mutex
                0x0000000020001399                __lock___arc4random_mutex
                0x000000002000139a                __lock___env_recursive_mutex
                0x000000002000139b                __lock___sinit_recursive_mutex
                0x000000002000139c                __lock___malloc_recursive_mutex
                0x000000002000139d                __lock___at_quick_exit_mutex
                0x000000002000139e                __lock___dd_hash_mutex
                0x000000002000139f                __lock___tz_mutex
                0x00000000200013a0                __lock___sfp_recursive_mutex
                0x00000000200013a4                . = ALIGN (0x4)
 *fill*         0x00000000200013a1        0x3 
                0x00000000200013a4                _ebss = .
                0x00000000200013a4                __bss_end__ = _ebss

._user_heap_stack
                0x00000000200013a4      0x604 load address 0x0000000008006768
                0x00000000200013a8                . = ALIGN (0x8)
 *fill*         0x00000000200013a4        0x4 
                [!provide]                        PROVIDE (end = .)
                0x00000000200013a8                PROVIDE (_end = .)
                0x00000000200015a8                . = (. + _Min_Heap_Size)
 *fill*         0x00000000200013a8      0x200 
                0x00000000200019a8                . = (. + _Min_Stack_Size)
 *fill*         0x00000000200015a8      0x400 
                0x00000000200019a8                . = ALIGN (0x8)

/DISCARD/
 libc.a(*)
 libm.a(*)
 libgcc.a(*)

.ARM.attributes
                0x0000000000000000       0x30
 *(.ARM.attributes)
 .ARM.attributes
                0x0000000000000000       0x1e c:/st/stm32cubeide_1.6.0/stm32cubeide/plugins/com.st.stm32cube.ide.mcu.externaltools.gnu-tools-for-stm32.9-2020-q2-update.win32_1.5.0.202011040924/tools/bin/../lib/gcc/arm-none-eabi/9.3.1/thumb/v7e-m+fp/hard/crti.o
 .ARM.attributes
                0x000000000000001e       0x34 c:/st/stm32cubeide_1.6.0/stm32cubeide/plugins/com.st.stm32cube.ide.mcu.externaltools.gnu-tools-for-stm32.9-2020-q2-update.win32_1.5.0.202011040924/tools/bin/../lib/gcc/arm-none-eabi/9.3.1/thumb/v7e-m+fp/hard/crtbegin.o
 .ARM.attributes
                0x0000000000000052       0x34 Src/App/main.o
 .ARM.attributes
                0x0000000000000086       0x34 Src/Mid/I2C1-Interface/I2C1-Interface.o
 .ARM.attributes
                0x00000000000000ba       0x34 Src/Mid/temperature-pressure-altitude/temperature-pressure-altitude.o
 .ARM.attributes
                0x00000000000000ee       0x34 Src/sysmem.o
 .ARM.attributes
                0x0000000000000122       0x21 Startup/startup_stm32f401retx.o
 .ARM.attributes
                0x0000000000000143       0x39 D:\IOT\SDK_1.0.3_NUCLEO-F401RE\lib_stm\libLibraries.a(system_stm32f4xx.o)
 .ARM.attributes
                0x000000000000017c       0x39 D:\IOT\SDK_1.0.3_NUCLEO-F401RE\lib_stm\libLibraries.a(stm32f401re_gpio.o)
 .ARM.attributes
                0x00000000000001b5       0x39 D:\IOT\SDK_1.0.3_NUCLEO-F401RE\lib_stm\libLibraries.a(stm32f401re_i2c.o)
 .ARM.attributes
                0x00000000000001ee       0x39 D:\IOT\SDK_1.0.3_NUCLEO-F401RE\lib_stm\libLibraries.a(stm32f401re_rcc.o)
 .ARM.attributes
                0x0000000000000227       0x39 D:\IOT\SDK_1.0.3_NUCLEO-F401RE\lib_stm\libLibraries.a(timer.o)
 .ARM.attributes
                0x0000000000000260       0x39 D:\IOT\SDK_1.0.3_NUCLEO-F401RE\lib_stm\libLibraries.a(Ucglib.o)
 .ARM.attributes
                0x0000000000000299       0x39 D:\IOT\SDK_1.0.3_NUCLEO-F401RE\lib_stm\libLibraries.a(ucg_box.o)
 .ARM.attributes
                0x00000000000002d2       0x39 D:\IOT\SDK_1.0.3_NUCLEO-F401RE\lib_stm\libLibraries.a(ucg_ccs.o)
 .ARM.attributes
                0x000000000000030b       0x39 D:\IOT\SDK_1.0.3_NUCLEO-F401RE\lib_stm\libLibraries.a(ucg_dev_default_cb.o)
 .ARM.attributes
                0x0000000000000344       0x39 D:\IOT\SDK_1.0.3_NUCLEO-F401RE\lib_stm\libLibraries.a(ucg_dev_ic_st7735.o)
 .ARM.attributes
                0x000000000000037d       0x39 D:\IOT\SDK_1.0.3_NUCLEO-F401RE\lib_stm\libLibraries.a(ucg_dev_msg_api.o)
 .ARM.attributes
                0x00000000000003b6       0x39 D:\IOT\SDK_1.0.3_NUCLEO-F401RE\lib_stm\libLibraries.a(ucg_dev_tft_128x128_st7735.o)
 .ARM.attributes
                0x00000000000003ef       0x39 D:\IOT\SDK_1.0.3_NUCLEO-F401RE\lib_stm\libLibraries.a(ucg_font.o)
 .ARM.attributes
                0x0000000000000428       0x39 D:\IOT\SDK_1.0.3_NUCLEO-F401RE\lib_stm\libLibraries.a(ucg_init.o)
 .ARM.attributes
                0x0000000000000461       0x39 D:\IOT\SDK_1.0.3_NUCLEO-F401RE\lib_stm\libLibraries.a(ucg_line.o)
 .ARM.attributes
                0x000000000000049a       0x39 D:\IOT\SDK_1.0.3_NUCLEO-F401RE\lib_stm\libLibraries.a(ucg_pixel.o)
 .ARM.attributes
                0x00000000000004d3       0x39 D:\IOT\SDK_1.0.3_NUCLEO-F401RE\lib_stm\libLibraries.a(ucg_pixel_font_data.o)
 .ARM.attributes
                0x000000000000050c       0x39 D:\IOT\SDK_1.0.3_NUCLEO-F401RE\lib_stm\libLibraries.a(ucg_rotate.o)
 .ARM.attributes
                0x0000000000000545       0x39 D:\IOT\SDK_1.0.3_NUCLEO-F401RE\lib_stm\libLibraries.a(buff.o)
 .ARM.attributes
                0x000000000000057e       0x39 D:\IOT\SDK_1.0.3_NUCLEO-F401RE\lib_stm\libLibraries.a(utilities.o)
 .ARM.attributes
                0x00000000000005b7       0x39 D:\IOT\SDK_1.0.3_NUCLEO-F401RE\lib_stm\libLibraries.a(ucg_clip.o)
 .ARM.attributes
                0x00000000000005f0       0x39 D:\IOT\SDK_1.0.3_NUCLEO-F401RE\lib_stm\libLibraries.a(ucg_com_msg_api.o)
 .ARM.attributes
                0x0000000000000629       0x34 c:/st/stm32cubeide_1.6.0/stm32cubeide/plugins/com.st.stm32cube.ide.mcu.externaltools.gnu-tools-for-stm32.9-2020-q2-update.win32_1.5.0.202011040924/tools/bin/../lib/gcc/arm-none-eabi/9.3.1/../../../../arm-none-eabi/lib/thumb/v7e-m+fp/hard\libc_nano.a(lib_a-errno.o)
 .ARM.attributes
                0x000000000000065d       0x32 c:/st/stm32cubeide_1.6.0/stm32cubeide/plugins/com.st.stm32cube.ide.mcu.externaltools.gnu-tools-for-stm32.9-2020-q2-update.win32_1.5.0.202011040924/tools/bin/../lib/gcc/arm-none-eabi/9.3.1/../../../../arm-none-eabi/lib/thumb/v7e-m+fp/hard\libc_nano.a(lib_a-impure.o)
 .ARM.attributes
                0x000000000000068f       0x34 c:/st/stm32cubeide_1.6.0/stm32cubeide/plugins/com.st.stm32cube.ide.mcu.externaltools.gnu-tools-for-stm32.9-2020-q2-update.win32_1.5.0.202011040924/tools/bin/../lib/gcc/arm-none-eabi/9.3.1/../../../../arm-none-eabi/lib/thumb/v7e-m+fp/hard\libc_nano.a(lib_a-init.o)
 .ARM.attributes
                0x00000000000006c3       0x34 c:/st/stm32cubeide_1.6.0/stm32cubeide/plugins/com.st.stm32cube.ide.mcu.externaltools.gnu-tools-for-stm32.9-2020-q2-update.win32_1.5.0.202011040924/tools/bin/../lib/gcc/arm-none-eabi/9.3.1/../../../../arm-none-eabi/lib/thumb/v7e-m+fp/hard\libc_nano.a(lib_a-memset.o)
 .ARM.attributes
                0x00000000000006f7       0x34 c:/st/stm32cubeide_1.6.0/stm32cubeide/plugins/com.st.stm32cube.ide.mcu.externaltools.gnu-tools-for-stm32.9-2020-q2-update.win32_1.5.0.202011040924/tools/bin/../lib/gcc/arm-none-eabi/9.3.1/../../../../arm-none-eabi/lib/thumb/v7e-m+fp/hard\libc_nano.a(lib_a-sprintf.o)
 .ARM.attributes
                0x000000000000072b       0x34 c:/st/stm32cubeide_1.6.0/stm32cubeide/plugins/com.st.stm32cube.ide.mcu.externaltools.gnu-tools-for-stm32.9-2020-q2-update.win32_1.5.0.202011040924/tools/bin/../lib/gcc/arm-none-eabi/9.3.1/../../../../arm-none-eabi/lib/thumb/v7e-m+fp/hard\libc_nano.a(lib_a-nano-svfprintf.o)
 .ARM.attributes
                0x000000000000075f       0x34 c:/st/stm32cubeide_1.6.0/stm32cubeide/plugins/com.st.stm32cube.ide.mcu.externaltools.gnu-tools-for-stm32.9-2020-q2-update.win32_1.5.0.202011040924/tools/bin/../lib/gcc/arm-none-eabi/9.3.1/../../../../arm-none-eabi/lib/thumb/v7e-m+fp/hard\libc_nano.a(lib_a-nano-vfprintf_i.o)
 .ARM.attributes
                0x0000000000000793       0x1c c:/st/stm32cubeide_1.6.0/stm32cubeide/plugins/com.st.stm32cube.ide.mcu.externaltools.gnu-tools-for-stm32.9-2020-q2-update.win32_1.5.0.202011040924/tools/bin/../lib/gcc/arm-none-eabi/9.3.1/../../../../arm-none-eabi/lib/thumb/v7e-m+fp/hard\libc_nano.a(lib_a-memchr.o)
 .ARM.attributes
                0x00000000000007af       0x34 c:/st/stm32cubeide_1.6.0/stm32cubeide/plugins/com.st.stm32cube.ide.mcu.externaltools.gnu-tools-for-stm32.9-2020-q2-update.win32_1.5.0.202011040924/tools/bin/../lib/gcc/arm-none-eabi/9.3.1/../../../../arm-none-eabi/lib/thumb/v7e-m+fp/hard\libc_nano.a(lib_a-memcpy-stub.o)
 .ARM.attributes
                0x00000000000007e3       0x34 c:/st/stm32cubeide_1.6.0/stm32cubeide/plugins/com.st.stm32cube.ide.mcu.externaltools.gnu-tools-for-stm32.9-2020-q2-update.win32_1.5.0.202011040924/tools/bin/../lib/gcc/arm-none-eabi/9.3.1/../../../../arm-none-eabi/lib/thumb/v7e-m+fp/hard\libc_nano.a(lib_a-memmove.o)
 .ARM.attributes
                0x0000000000000817       0x34 c:/st/stm32cubeide_1.6.0/stm32cubeide/plugins/com.st.stm32cube.ide.mcu.externaltools.gnu-tools-for-stm32.9-2020-q2-update.win32_1.5.0.202011040924/tools/bin/../lib/gcc/arm-none-eabi/9.3.1/../../../../arm-none-eabi/lib/thumb/v7e-m+fp/hard\libc_nano.a(lib_a-nano-freer.o)
 .ARM.attributes
                0x000000000000084b       0x34 c:/st/stm32cubeide_1.6.0/stm32cubeide/plugins/com.st.stm32cube.ide.mcu.externaltools.gnu-tools-for-stm32.9-2020-q2-update.win32_1.5.0.202011040924/tools/bin/../lib/gcc/arm-none-eabi/9.3.1/../../../../arm-none-eabi/lib/thumb/v7e-m+fp/hard\libc_nano.a(lib_a-nano-mallocr.o)
 .ARM.attributes
                0x000000000000087f       0x34 c:/st/stm32cubeide_1.6.0/stm32cubeide/plugins/com.st.stm32cube.ide.mcu.externaltools.gnu-tools-for-stm32.9-2020-q2-update.win32_1.5.0.202011040924/tools/bin/../lib/gcc/arm-none-eabi/9.3.1/../../../../arm-none-eabi/lib/thumb/v7e-m+fp/hard\libc_nano.a(lib_a-nano-reallocr.o)
 .ARM.attributes
                0x00000000000008b3       0x34 c:/st/stm32cubeide_1.6.0/stm32cubeide/plugins/com.st.stm32cube.ide.mcu.externaltools.gnu-tools-for-stm32.9-2020-q2-update.win32_1.5.0.202011040924/tools/bin/../lib/gcc/arm-none-eabi/9.3.1/../../../../arm-none-eabi/lib/thumb/v7e-m+fp/hard\libc_nano.a(lib_a-sbrkr.o)
 .ARM.attributes
                0x00000000000008e7       0x34 c:/st/stm32cubeide_1.6.0/stm32cubeide/plugins/com.st.stm32cube.ide.mcu.externaltools.gnu-tools-for-stm32.9-2020-q2-update.win32_1.5.0.202011040924/tools/bin/../lib/gcc/arm-none-eabi/9.3.1/../../../../arm-none-eabi/lib/thumb/v7e-m+fp/hard\libc_nano.a(lib_a-mlock.o)
 .ARM.attributes
                0x000000000000091b       0x34 c:/st/stm32cubeide_1.6.0/stm32cubeide/plugins/com.st.stm32cube.ide.mcu.externaltools.gnu-tools-for-stm32.9-2020-q2-update.win32_1.5.0.202011040924/tools/bin/../lib/gcc/arm-none-eabi/9.3.1/../../../../arm-none-eabi/lib/thumb/v7e-m+fp/hard\libc_nano.a(lib_a-nano-msizer.o)
 .ARM.attributes
                0x000000000000094f       0x34 c:/st/stm32cubeide_1.6.0/stm32cubeide/plugins/com.st.stm32cube.ide.mcu.externaltools.gnu-tools-for-stm32.9-2020-q2-update.win32_1.5.0.202011040924/tools/bin/../lib/gcc/arm-none-eabi/9.3.1/../../../../arm-none-eabi/lib/thumb/v7e-m+fp/hard\libc_nano.a(lib_a-reent.o)
 .ARM.attributes
                0x0000000000000983       0x34 c:/st/stm32cubeide_1.6.0/stm32cubeide/plugins/com.st.stm32cube.ide.mcu.externaltools.gnu-tools-for-stm32.9-2020-q2-update.win32_1.5.0.202011040924/tools/bin/../lib/gcc/arm-none-eabi/9.3.1/../../../../arm-none-eabi/lib/thumb/v7e-m+fp/hard\libc_nano.a(lib_a-lock.o)
 .ARM.attributes
                0x00000000000009b7       0x1e c:/st/stm32cubeide_1.6.0/stm32cubeide/plugins/com.st.stm32cube.ide.mcu.externaltools.gnu-tools-for-stm32.9-2020-q2-update.win32_1.5.0.202011040924/tools/bin/../lib/gcc/arm-none-eabi/9.3.1/thumb/v7e-m+fp/hard\libgcc.a(_arm_addsubdf3.o)
 .ARM.attributes
                0x00000000000009d5       0x1e c:/st/stm32cubeide_1.6.0/stm32cubeide/plugins/com.st.stm32cube.ide.mcu.externaltools.gnu-tools-for-stm32.9-2020-q2-update.win32_1.5.0.202011040924/tools/bin/../lib/gcc/arm-none-eabi/9.3.1/thumb/v7e-m+fp/hard\libgcc.a(_arm_muldivdf3.o)
 .ARM.attributes
                0x00000000000009f3       0x1e c:/st/stm32cubeide_1.6.0/stm32cubeide/plugins/com.st.stm32cube.ide.mcu.externaltools.gnu-tools-for-stm32.9-2020-q2-update.win32_1.5.0.202011040924/tools/bin/../lib/gcc/arm-none-eabi/9.3.1/thumb/v7e-m+fp/hard\libgcc.a(_arm_truncdfsf2.o)
 .ARM.attributes
                0x0000000000000a11       0x1e c:/st/stm32cubeide_1.6.0/stm32cubeide/plugins/com.st.stm32cube.ide.mcu.externaltools.gnu-tools-for-stm32.9-2020-q2-update.win32_1.5.0.202011040924/tools/bin/../lib/gcc/arm-none-eabi/9.3.1/thumb/v7e-m+fp/hard\libgcc.a(_arm_addsubsf3.o)
 .ARM.attributes
                0x0000000000000a2f       0x1e c:/st/stm32cubeide_1.6.0/stm32cubeide/plugins/com.st.stm32cube.ide.mcu.externaltools.gnu-tools-for-stm32.9-2020-q2-update.win32_1.5.0.202011040924/tools/bin/../lib/gcc/arm-none-eabi/9.3.1/thumb/v7e-m+fp/hard\libgcc.a(_aeabi_ldivmod.o)
 .ARM.attributes
                0x0000000000000a4d       0x34 c:/st/stm32cubeide_1.6.0/stm32cubeide/plugins/com.st.stm32cube.ide.mcu.externaltools.gnu-tools-for-stm32.9-2020-q2-update.win32_1.5.0.202011040924/tools/bin/../lib/gcc/arm-none-eabi/9.3.1/thumb/v7e-m+fp/hard\libgcc.a(_fixsfdi.o)
 .ARM.attributes
                0x0000000000000a81       0x34 c:/st/stm32cubeide_1.6.0/stm32cubeide/plugins/com.st.stm32cube.ide.mcu.externaltools.gnu-tools-for-stm32.9-2020-q2-update.win32_1.5.0.202011040924/tools/bin/../lib/gcc/arm-none-eabi/9.3.1/thumb/v7e-m+fp/hard\libgcc.a(_fixunssfdi.o)
 .ARM.attributes
                0x0000000000000ab5       0x34 c:/st/stm32cubeide_1.6.0/stm32cubeide/plugins/com.st.stm32cube.ide.mcu.externaltools.gnu-tools-for-stm32.9-2020-q2-update.win32_1.5.0.202011040924/tools/bin/../lib/gcc/arm-none-eabi/9.3.1/thumb/v7e-m+fp/hard\libgcc.a(_udivmoddi4.o)
 .ARM.attributes
                0x0000000000000ae9       0x1e c:/st/stm32cubeide_1.6.0/stm32cubeide/plugins/com.st.stm32cube.ide.mcu.externaltools.gnu-tools-for-stm32.9-2020-q2-update.win32_1.5.0.202011040924/tools/bin/../lib/gcc/arm-none-eabi/9.3.1/thumb/v7e-m+fp/hard\libgcc.a(_dvmd_tls.o)
 .ARM.attributes
                0x0000000000000b07       0x1e c:/st/stm32cubeide_1.6.0/stm32cubeide/plugins/com.st.stm32cube.ide.mcu.externaltools.gnu-tools-for-stm32.9-2020-q2-update.win32_1.5.0.202011040924/tools/bin/../lib/gcc/arm-none-eabi/9.3.1/thumb/v7e-m+fp/hard\libgcc.a(_arm_fixunsdfsi.o)
 .ARM.attributes
                0x0000000000000b25       0x1e c:/st/stm32cubeide_1.6.0/stm32cubeide/plugins/com.st.stm32cube.ide.mcu.externaltools.gnu-tools-for-stm32.9-2020-q2-update.win32_1.5.0.202011040924/tools/bin/../lib/gcc/arm-none-eabi/9.3.1/thumb/v7e-m+fp/hard/crtn.o
OUTPUT(GY-BMP280.elf elf32-littlearm)
LOAD linker stubs
LOAD c:/st/stm32cubeide_1.6.0/stm32cubeide/plugins/com.st.stm32cube.ide.mcu.externaltools.gnu-tools-for-stm32.9-2020-q2-update.win32_1.5.0.202011040924/tools/bin/../lib/gcc/arm-none-eabi/9.3.1/../../../../arm-none-eabi/lib/thumb/v7e-m+fp/hard\libc.a
LOAD c:/st/stm32cubeide_1.6.0/stm32cubeide/plugins/com.st.stm32cube.ide.mcu.externaltools.gnu-tools-for-stm32.9-2020-q2-update.win32_1.5.0.202011040924/tools/bin/../lib/gcc/arm-none-eabi/9.3.1/../../../../arm-none-eabi/lib/thumb/v7e-m+fp/hard\libm.a
LOAD c:/st/stm32cubeide_1.6.0/stm32cubeide/plugins/com.st.stm32cube.ide.mcu.externaltools.gnu-tools-for-stm32.9-2020-q2-update.win32_1.5.0.202011040924/tools/bin/../lib/gcc/arm-none-eabi/9.3.1/thumb/v7e-m+fp/hard\libgcc.a

.debug_info     0x0000000000000000    0x3a956
 .debug_info    0x0000000000000000     0x3e7b Src/App/main.o
 .debug_info    0x0000000000003e7b      0x56e Src/Mid/I2C1-Interface/I2C1-Interface.o
 .debug_info    0x00000000000043e9     0x1568 Src/Mid/temperature-pressure-altitude/temperature-pressure-altitude.o
 .debug_info    0x0000000000005951      0xa25 Src/sysmem.o
 .debug_info    0x0000000000006376       0x22 Startup/startup_stm32f401retx.o
 .debug_info    0x0000000000006398      0x5bb D:\IOT\SDK_1.0.3_NUCLEO-F401RE\lib_stm\libLibraries.a(system_stm32f4xx.o)
 .debug_info    0x0000000000006953      0x62b D:\IOT\SDK_1.0.3_NUCLEO-F401RE\lib_stm\libLibraries.a(stm32f401re_gpio.o)
 .debug_info    0x0000000000006f7e      0xb9e D:\IOT\SDK_1.0.3_NUCLEO-F401RE\lib_stm\libLibraries.a(stm32f401re_i2c.o)
 .debug_info    0x0000000000007b1c      0xd5e D:\IOT\SDK_1.0.3_NUCLEO-F401RE\lib_stm\libLibraries.a(stm32f401re_rcc.o)
 .debug_info    0x000000000000887a      0x922 D:\IOT\SDK_1.0.3_NUCLEO-F401RE\lib_stm\libLibraries.a(timer.o)
 .debug_info    0x000000000000919c     0x333f D:\IOT\SDK_1.0.3_NUCLEO-F401RE\lib_stm\libLibraries.a(Ucglib.o)
 .debug_info    0x000000000000c4db     0x329d D:\IOT\SDK_1.0.3_NUCLEO-F401RE\lib_stm\libLibraries.a(ucg_box.o)
 .debug_info    0x000000000000f778     0x2b08 D:\IOT\SDK_1.0.3_NUCLEO-F401RE\lib_stm\libLibraries.a(ucg_ccs.o)
 .debug_info    0x0000000000012280     0x324b D:\IOT\SDK_1.0.3_NUCLEO-F401RE\lib_stm\libLibraries.a(ucg_dev_default_cb.o)
 .debug_info    0x00000000000154cb     0x3272 D:\IOT\SDK_1.0.3_NUCLEO-F401RE\lib_stm\libLibraries.a(ucg_dev_ic_st7735.o)
 .debug_info    0x000000000001873d     0x3178 D:\IOT\SDK_1.0.3_NUCLEO-F401RE\lib_stm\libLibraries.a(ucg_dev_msg_api.o)
 .debug_info    0x000000000001b8b5     0x303e D:\IOT\SDK_1.0.3_NUCLEO-F401RE\lib_stm\libLibraries.a(ucg_dev_tft_128x128_st7735.o)
 .debug_info    0x000000000001e8f3     0x43ab D:\IOT\SDK_1.0.3_NUCLEO-F401RE\lib_stm\libLibraries.a(ucg_font.o)
 .debug_info    0x0000000000022c9e     0x3856 D:\IOT\SDK_1.0.3_NUCLEO-F401RE\lib_stm\libLibraries.a(ucg_init.o)
 .debug_info    0x00000000000264f4     0x3222 D:\IOT\SDK_1.0.3_NUCLEO-F401RE\lib_stm\libLibraries.a(ucg_line.o)
 .debug_info    0x0000000000029716     0x3056 D:\IOT\SDK_1.0.3_NUCLEO-F401RE\lib_stm\libLibraries.a(ucg_pixel.o)
 .debug_info    0x000000000002c76c     0x43df D:\IOT\SDK_1.0.3_NUCLEO-F401RE\lib_stm\libLibraries.a(ucg_pixel_font_data.o)
 .debug_info    0x0000000000030b4b     0x3231 D:\IOT\SDK_1.0.3_NUCLEO-F401RE\lib_stm\libLibraries.a(ucg_rotate.o)
 .debug_info    0x0000000000033d7c      0x339 D:\IOT\SDK_1.0.3_NUCLEO-F401RE\lib_stm\libLibraries.a(buff.o)
 .debug_info    0x00000000000340b5      0x2bd D:\IOT\SDK_1.0.3_NUCLEO-F401RE\lib_stm\libLibraries.a(utilities.o)
 .debug_info    0x0000000000034372     0x315a D:\IOT\SDK_1.0.3_NUCLEO-F401RE\lib_stm\libLibraries.a(ucg_clip.o)
 .debug_info    0x00000000000374cc     0x348a D:\IOT\SDK_1.0.3_NUCLEO-F401RE\lib_stm\libLibraries.a(ucg_com_msg_api.o)

.debug_abbrev   0x0000000000000000     0x2bb2
 .debug_abbrev  0x0000000000000000      0x255 Src/App/main.o
 .debug_abbrev  0x0000000000000255      0x198 Src/Mid/I2C1-Interface/I2C1-Interface.o
 .debug_abbrev  0x00000000000003ed      0x31c Src/Mid/temperature-pressure-altitude/temperature-pressure-altitude.o
 .debug_abbrev  0x0000000000000709      0x1bf Src/sysmem.o
 .debug_abbrev  0x00000000000008c8       0x12 Startup/startup_stm32f401retx.o
 .debug_abbrev  0x00000000000008da      0x138 D:\IOT\SDK_1.0.3_NUCLEO-F401RE\lib_stm\libLibraries.a(system_stm32f4xx.o)
 .debug_abbrev  0x0000000000000a12      0x1bf D:\IOT\SDK_1.0.3_NUCLEO-F401RE\lib_stm\libLibraries.a(stm32f401re_gpio.o)
 .debug_abbrev  0x0000000000000bd1      0x196 D:\IOT\SDK_1.0.3_NUCLEO-F401RE\lib_stm\libLibraries.a(stm32f401re_i2c.o)
 .debug_abbrev  0x0000000000000d67      0x1d4 D:\IOT\SDK_1.0.3_NUCLEO-F401RE\lib_stm\libLibraries.a(stm32f401re_rcc.o)
 .debug_abbrev  0x0000000000000f3b      0x29a D:\IOT\SDK_1.0.3_NUCLEO-F401RE\lib_stm\libLibraries.a(timer.o)
 .debug_abbrev  0x00000000000011d5      0x202 D:\IOT\SDK_1.0.3_NUCLEO-F401RE\lib_stm\libLibraries.a(Ucglib.o)
 .debug_abbrev  0x00000000000013d7      0x18b D:\IOT\SDK_1.0.3_NUCLEO-F401RE\lib_stm\libLibraries.a(ucg_box.o)
 .debug_abbrev  0x0000000000001562       0xf5 D:\IOT\SDK_1.0.3_NUCLEO-F401RE\lib_stm\libLibraries.a(ucg_ccs.o)
 .debug_abbrev  0x0000000000001657      0x19e D:\IOT\SDK_1.0.3_NUCLEO-F401RE\lib_stm\libLibraries.a(ucg_dev_default_cb.o)
 .debug_abbrev  0x00000000000017f5      0x1dc D:\IOT\SDK_1.0.3_NUCLEO-F401RE\lib_stm\libLibraries.a(ucg_dev_ic_st7735.o)
 .debug_abbrev  0x00000000000019d1      0x191 D:\IOT\SDK_1.0.3_NUCLEO-F401RE\lib_stm\libLibraries.a(ucg_dev_msg_api.o)
 .debug_abbrev  0x0000000000001b62      0x14e D:\IOT\SDK_1.0.3_NUCLEO-F401RE\lib_stm\libLibraries.a(ucg_dev_tft_128x128_st7735.o)
 .debug_abbrev  0x0000000000001cb0      0x2fc D:\IOT\SDK_1.0.3_NUCLEO-F401RE\lib_stm\libLibraries.a(ucg_font.o)
 .debug_abbrev  0x0000000000001fac      0x1c6 D:\IOT\SDK_1.0.3_NUCLEO-F401RE\lib_stm\libLibraries.a(ucg_init.o)
 .debug_abbrev  0x0000000000002172      0x175 D:\IOT\SDK_1.0.3_NUCLEO-F401RE\lib_stm\libLibraries.a(ucg_line.o)
 .debug_abbrev  0x00000000000022e7      0x148 D:\IOT\SDK_1.0.3_NUCLEO-F401RE\lib_stm\libLibraries.a(ucg_pixel.o)
 .debug_abbrev  0x000000000000242f       0x83 D:\IOT\SDK_1.0.3_NUCLEO-F401RE\lib_stm\libLibraries.a(ucg_pixel_font_data.o)
 .debug_abbrev  0x00000000000024b2      0x1a3 D:\IOT\SDK_1.0.3_NUCLEO-F401RE\lib_stm\libLibraries.a(ucg_rotate.o)
 .debug_abbrev  0x0000000000002655      0x12a D:\IOT\SDK_1.0.3_NUCLEO-F401RE\lib_stm\libLibraries.a(buff.o)
 .debug_abbrev  0x000000000000277f       0xce D:\IOT\SDK_1.0.3_NUCLEO-F401RE\lib_stm\libLibraries.a(utilities.o)
 .debug_abbrev  0x000000000000284d      0x173 D:\IOT\SDK_1.0.3_NUCLEO-F401RE\lib_stm\libLibraries.a(ucg_clip.o)
 .debug_abbrev  0x00000000000029c0      0x1f2 D:\IOT\SDK_1.0.3_NUCLEO-F401RE\lib_stm\libLibraries.a(ucg_com_msg_api.o)

.debug_aranges  0x0000000000000000      0xba8
 .debug_aranges
                0x0000000000000000       0x30 Src/App/main.o
 .debug_aranges
                0x0000000000000030       0x50 Src/Mid/I2C1-Interface/I2C1-Interface.o
 .debug_aranges
                0x0000000000000080      0x120 Src/Mid/temperature-pressure-altitude/temperature-pressure-altitude.o
 .debug_aranges
                0x00000000000001a0       0x20 Src/sysmem.o
 .debug_aranges
                0x00000000000001c0       0x28 Startup/startup_stm32f401retx.o
 .debug_aranges
                0x00000000000001e8       0x30 D:\IOT\SDK_1.0.3_NUCLEO-F401RE\lib_stm\libLibraries.a(system_stm32f4xx.o)
 .debug_aranges
                0x0000000000000218       0x88 D:\IOT\SDK_1.0.3_NUCLEO-F401RE\lib_stm\libLibraries.a(stm32f401re_gpio.o)
 .debug_aranges
                0x00000000000002a0      0x130 D:\IOT\SDK_1.0.3_NUCLEO-F401RE\lib_stm\libLibraries.a(stm32f401re_i2c.o)
 .debug_aranges
                0x00000000000003d0      0x198 D:\IOT\SDK_1.0.3_NUCLEO-F401RE\lib_stm\libLibraries.a(stm32f401re_rcc.o)
 .debug_aranges
                0x0000000000000568       0x70 D:\IOT\SDK_1.0.3_NUCLEO-F401RE\lib_stm\libLibraries.a(timer.o)
 .debug_aranges
                0x00000000000005d8       0x48 D:\IOT\SDK_1.0.3_NUCLEO-F401RE\lib_stm\libLibraries.a(Ucglib.o)
 .debug_aranges
                0x0000000000000620       0x48 D:\IOT\SDK_1.0.3_NUCLEO-F401RE\lib_stm\libLibraries.a(ucg_box.o)
 .debug_aranges
                0x0000000000000668       0x30 D:\IOT\SDK_1.0.3_NUCLEO-F401RE\lib_stm\libLibraries.a(ucg_ccs.o)
 .debug_aranges
                0x0000000000000698       0x48 D:\IOT\SDK_1.0.3_NUCLEO-F401RE\lib_stm\libLibraries.a(ucg_dev_default_cb.o)
 .debug_aranges
                0x00000000000006e0       0x40 D:\IOT\SDK_1.0.3_NUCLEO-F401RE\lib_stm\libLibraries.a(ucg_dev_ic_st7735.o)
 .debug_aranges
                0x0000000000000720       0x60 D:\IOT\SDK_1.0.3_NUCLEO-F401RE\lib_stm\libLibraries.a(ucg_dev_msg_api.o)
 .debug_aranges
                0x0000000000000780       0x20 D:\IOT\SDK_1.0.3_NUCLEO-F401RE\lib_stm\libLibraries.a(ucg_dev_tft_128x128_st7735.o)
 .debug_aranges
                0x00000000000007a0      0x168 D:\IOT\SDK_1.0.3_NUCLEO-F401RE\lib_stm\libLibraries.a(ucg_font.o)
 .debug_aranges
                0x0000000000000908       0x28 D:\IOT\SDK_1.0.3_NUCLEO-F401RE\lib_stm\libLibraries.a(ucg_init.o)
 .debug_aranges
                0x0000000000000930       0x48 D:\IOT\SDK_1.0.3_NUCLEO-F401RE\lib_stm\libLibraries.a(ucg_line.o)
 .debug_aranges
                0x0000000000000978       0x28 D:\IOT\SDK_1.0.3_NUCLEO-F401RE\lib_stm\libLibraries.a(ucg_pixel.o)
 .debug_aranges
                0x00000000000009a0       0x18 D:\IOT\SDK_1.0.3_NUCLEO-F401RE\lib_stm\libLibraries.a(ucg_pixel_font_data.o)
 .debug_aranges
                0x00000000000009b8       0x68 D:\IOT\SDK_1.0.3_NUCLEO-F401RE\lib_stm\libLibraries.a(ucg_rotate.o)
 .debug_aranges
                0x0000000000000a20       0x50 D:\IOT\SDK_1.0.3_NUCLEO-F401RE\lib_stm\libLibraries.a(buff.o)
 .debug_aranges
                0x0000000000000a70       0x48 D:\IOT\SDK_1.0.3_NUCLEO-F401RE\lib_stm\libLibraries.a(utilities.o)
 .debug_aranges
                0x0000000000000ab8       0x50 D:\IOT\SDK_1.0.3_NUCLEO-F401RE\lib_stm\libLibraries.a(ucg_clip.o)
 .debug_aranges
                0x0000000000000b08       0xa0 D:\IOT\SDK_1.0.3_NUCLEO-F401RE\lib_stm\libLibraries.a(ucg_com_msg_api.o)

.debug_ranges   0x0000000000000000      0x9f8
 .debug_ranges  0x0000000000000000       0x20 Src/App/main.o
 .debug_ranges  0x0000000000000020       0x40 Src/Mid/I2C1-Interface/I2C1-Interface.o
 .debug_ranges  0x0000000000000060      0x110 Src/Mid/temperature-pressure-altitude/temperature-pressure-altitude.o
 .debug_ranges  0x0000000000000170       0x10 Src/sysmem.o
 .debug_ranges  0x0000000000000180       0x20 Startup/startup_stm32f401retx.o
 .debug_ranges  0x00000000000001a0       0x20 D:\IOT\SDK_1.0.3_NUCLEO-F401RE\lib_stm\libLibraries.a(system_stm32f4xx.o)
 .debug_ranges  0x00000000000001c0       0x78 D:\IOT\SDK_1.0.3_NUCLEO-F401RE\lib_stm\libLibraries.a(stm32f401re_gpio.o)
 .debug_ranges  0x0000000000000238      0x120 D:\IOT\SDK_1.0.3_NUCLEO-F401RE\lib_stm\libLibraries.a(stm32f401re_i2c.o)
 .debug_ranges  0x0000000000000358      0x188 D:\IOT\SDK_1.0.3_NUCLEO-F401RE\lib_stm\libLibraries.a(stm32f401re_rcc.o)
 .debug_ranges  0x00000000000004e0       0x60 D:\IOT\SDK_1.0.3_NUCLEO-F401RE\lib_stm\libLibraries.a(timer.o)
 .debug_ranges  0x0000000000000540       0x38 D:\IOT\SDK_1.0.3_NUCLEO-F401RE\lib_stm\libLibraries.a(Ucglib.o)
 .debug_ranges  0x0000000000000578       0x38 D:\IOT\SDK_1.0.3_NUCLEO-F401RE\lib_stm\libLibraries.a(ucg_box.o)
 .debug_ranges  0x00000000000005b0       0x20 D:\IOT\SDK_1.0.3_NUCLEO-F401RE\lib_stm\libLibraries.a(ucg_ccs.o)
 .debug_ranges  0x00000000000005d0       0x38 D:\IOT\SDK_1.0.3_NUCLEO-F401RE\lib_stm\libLibraries.a(ucg_dev_default_cb.o)
 .debug_ranges  0x0000000000000608       0x30 D:\IOT\SDK_1.0.3_NUCLEO-F401RE\lib_stm\libLibraries.a(ucg_dev_ic_st7735.o)
 .debug_ranges  0x0000000000000638       0x50 D:\IOT\SDK_1.0.3_NUCLEO-F401RE\lib_stm\libLibraries.a(ucg_dev_msg_api.o)
 .debug_ranges  0x0000000000000688       0x10 D:\IOT\SDK_1.0.3_NUCLEO-F401RE\lib_stm\libLibraries.a(ucg_dev_tft_128x128_st7735.o)
 .debug_ranges  0x0000000000000698      0x158 D:\IOT\SDK_1.0.3_NUCLEO-F401RE\lib_stm\libLibraries.a(ucg_font.o)
 .debug_ranges  0x00000000000007f0       0x18 D:\IOT\SDK_1.0.3_NUCLEO-F401RE\lib_stm\libLibraries.a(ucg_init.o)
 .debug_ranges  0x0000000000000808       0x38 D:\IOT\SDK_1.0.3_NUCLEO-F401RE\lib_stm\libLibraries.a(ucg_line.o)
 .debug_ranges  0x0000000000000840       0x18 D:\IOT\SDK_1.0.3_NUCLEO-F401RE\lib_stm\libLibraries.a(ucg_pixel.o)
 .debug_ranges  0x0000000000000858       0x58 D:\IOT\SDK_1.0.3_NUCLEO-F401RE\lib_stm\libLibraries.a(ucg_rotate.o)
 .debug_ranges  0x00000000000008b0       0x40 D:\IOT\SDK_1.0.3_NUCLEO-F401RE\lib_stm\libLibraries.a(buff.o)
 .debug_ranges  0x00000000000008f0       0x38 D:\IOT\SDK_1.0.3_NUCLEO-F401RE\lib_stm\libLibraries.a(utilities.o)
 .debug_ranges  0x0000000000000928       0x40 D:\IOT\SDK_1.0.3_NUCLEO-F401RE\lib_stm\libLibraries.a(ucg_clip.o)
 .debug_ranges  0x0000000000000968       0x90 D:\IOT\SDK_1.0.3_NUCLEO-F401RE\lib_stm\libLibraries.a(ucg_com_msg_api.o)

.debug_macro    0x0000000000000000     0xef8c
 .debug_macro   0x0000000000000000      0x238 Src/App/main.o
 .debug_macro   0x0000000000000238      0xaae Src/App/main.o
 .debug_macro   0x0000000000000ce6       0x22 Src/App/main.o
 .debug_macro   0x0000000000000d08       0x4c Src/App/main.o
 .debug_macro   0x0000000000000d54       0x18 Src/App/main.o
 .debug_macro   0x0000000000000d6c       0x94 Src/App/main.o
 .debug_macro   0x0000000000000e00       0x3c Src/App/main.o
 .debug_macro   0x0000000000000e3c       0x34 Src/App/main.o
 .debug_macro   0x0000000000000e70       0x16 Src/App/main.o
 .debug_macro   0x0000000000000e86       0x57 Src/App/main.o
 .debug_macro   0x0000000000000edd       0x97 Src/App/main.o
 .debug_macro   0x0000000000000f74      0x339 Src/App/main.o
 .debug_macro   0x00000000000012ad       0xfd Src/App/main.o
 .debug_macro   0x00000000000013aa       0x10 Src/App/main.o
 .debug_macro   0x00000000000013ba       0x16 Src/App/main.o
 .debug_macro   0x00000000000013d0       0x43 Src/App/main.o
 .debug_macro   0x0000000000001413       0x34 Src/App/main.o
 .debug_macro   0x0000000000001447       0x10 Src/App/main.o
 .debug_macro   0x0000000000001457       0x58 Src/App/main.o
 .debug_macro   0x00000000000014af       0x71 Src/App/main.o
 .debug_macro   0x0000000000001520       0x1c Src/App/main.o
 .debug_macro   0x000000000000153c      0x12a Src/App/main.o
 .debug_macro   0x0000000000001666       0x10 Src/App/main.o
 .debug_macro   0x0000000000001676       0x6a Src/App/main.o
 .debug_macro   0x00000000000016e0       0x1c Src/App/main.o
 .debug_macro   0x00000000000016fc       0x52 Src/App/main.o
 .debug_macro   0x000000000000174e       0x22 Src/App/main.o
 .debug_macro   0x0000000000001770       0x10 Src/App/main.o
 .debug_macro   0x0000000000001780       0x40 Src/App/main.o
 .debug_macro   0x00000000000017c0       0xd5 Src/App/main.o
 .debug_macro   0x0000000000001895       0x1c Src/App/main.o
 .debug_macro   0x00000000000018b1       0x3d Src/App/main.o
 .debug_macro   0x00000000000018ee       0x16 Src/App/main.o
 .debug_macro   0x0000000000001904      0x145 Src/App/main.o
 .debug_macro   0x0000000000001a49       0x26 Src/App/main.o
 .debug_macro   0x0000000000001a6f      0x103 Src/App/main.o
 .debug_macro   0x0000000000001b72      0x1df Src/App/main.o
 .debug_macro   0x0000000000001d51       0x16 Src/App/main.o
 .debug_macro   0x0000000000001d67       0x35 Src/App/main.o
 .debug_macro   0x0000000000001d9c       0x10 Src/App/main.o
 .debug_macro   0x0000000000001dac       0x10 Src/App/main.o
 .debug_macro   0x0000000000001dbc       0x35 Src/App/main.o
 .debug_macro   0x0000000000001df1      0x301 Src/App/main.o
 .debug_macro   0x00000000000020f2      0x103 Src/Mid/I2C1-Interface/I2C1-Interface.o
 .debug_macro   0x00000000000021f5       0x6b Src/Mid/I2C1-Interface/I2C1-Interface.o
 .debug_macro   0x0000000000002260       0x3b Src/Mid/I2C1-Interface/I2C1-Interface.o
 .debug_macro   0x000000000000229b       0x8e Src/Mid/I2C1-Interface/I2C1-Interface.o
 .debug_macro   0x0000000000002329       0x51 Src/Mid/I2C1-Interface/I2C1-Interface.o
 .debug_macro   0x000000000000237a       0x34 Src/Mid/I2C1-Interface/I2C1-Interface.o
 .debug_macro   0x00000000000023ae       0x26 Src/Mid/I2C1-Interface/I2C1-Interface.o
 .debug_macro   0x00000000000023d4      0xe43 Src/Mid/I2C1-Interface/I2C1-Interface.o
 .debug_macro   0x0000000000003217     0x8018 Src/Mid/I2C1-Interface/I2C1-Interface.o
 .debug_macro   0x000000000000b22f      0x644 Src/Mid/I2C1-Interface/I2C1-Interface.o
 .debug_macro   0x000000000000b873      0x2f4 Src/Mid/I2C1-Interface/I2C1-Interface.o
 .debug_macro   0x000000000000bb67      0x2ba Src/Mid/I2C1-Interface/I2C1-Interface.o
 .debug_macro   0x000000000000be21       0x2d Src/Mid/I2C1-Interface/I2C1-Interface.o
 .debug_macro   0x000000000000be4e      0x399 Src/Mid/temperature-pressure-altitude/temperature-pressure-altitude.o
 .debug_macro   0x000000000000c1e7      0x174 Src/Mid/temperature-pressure-altitude/temperature-pressure-altitude.o