temperature-pressure-altitude.c:249:6:BMP280_Init	16	static
temperature-pressure-altitude.c:307:8:beginWithI2C	16	static
temperature-pressure-altitude.c:323:8:beginWithSPI	16	static
temperature-pressure-altitude.c:339:15:setMode	24	static
temperature-pressure-altitude.c:354:13:getMode	16	static
temperature-pressure-altitude.c:373:8:setStandbyTime	24	static
temperature-pressure-altitude.c:393:8:setFilter	24	static
temperature-pressure-altitude.c:408:8:setTempOverSample	24	static
temperature-pressure-altitude.c:430:8:setPressureOverSample	24	static
temperature-pressure-altitude.c:453:8:setHumidityOverSample	24	static
temperature-pressure-altitude.c:479:13:checkSampleValue	16	static
temperature-pressure-altitude.c:515:15:setI2CAddress	16	static
temperature-pressure-altitude.c:526:15:isMeasuring	16	static
temperature-pressure-altitude.c:538:8:reset	8	static
temperature-pressure-altitude.c:551:8:readAllMeasurements	24	static
temperature-pressure-altitude.c:571:7:readFloatPressure	144	static
temperature-pressure-altitude.c:608:8:readFloatPressureFromBurst	144	static
temperature-pressure-altitude.c:645:8:setReferencePressure	16	static
temperature-pressure-altitude.c:656:9:getReferencePressure	4	static
temperature-pressure-altitude.c:667:7:readFloatAltitudeMeters	16	static
temperature-pressure-altitude.c:689:7:readFloatAltitudeFeet	16	static
temperature-pressure-altitude.c:703:9:readFloatHumidity	24	static
temperature-pressure-altitude.c:731:8:readFloatHumidityFromBurst	24	static
temperature-pressure-altitude.c:756:15:setTemperatureCorrection	16	static
temperature-pressure-altitude.c:767:7:readTempC	32	static
temperature-pressure-altitude.c:795:16:readTempFromBurst	32	static
temperature-pressure-altitude.c:819:15:readTempCFromBurst	16	static
temperature-pressure-altitude.c:830:7:readTempF	16	static
temperature-pressure-altitude.c:845:8:readTempFFromBurst	24	static
temperature-pressure-altitude.c:858:13:readRegisterRegion	32	static
temperature-pressure-altitude.c:884:13:readRegister	24	static
temperature-pressure-altitude.c:903:14:readRegisterInt16	24	static
temperature-pressure-altitude.c:911:15:writeRegister	16	static
