temperature-pressure-altitude.c:248:6:BMP280_Init	16	static
temperature-pressure-altitude.c:306:8:beginWithI2C	16	static
temperature-pressure-altitude.c:322:8:beginWithSPI	16	static
temperature-pressure-altitude.c:338:15:setMode	24	static
temperature-pressure-altitude.c:353:13:getMode	16	static
temperature-pressure-altitude.c:372:8:setStandbyTime	24	static
temperature-pressure-altitude.c:392:8:setFilter	24	static
temperature-pressure-altitude.c:407:8:setTempOverSample	24	static
temperature-pressure-altitude.c:429:8:setPressureOverSample	24	static
temperature-pressure-altitude.c:452:8:setHumidityOverSample	24	static
temperature-pressure-altitude.c:478:13:checkSampleValue	16	static
temperature-pressure-altitude.c:514:15:setI2CAddress	16	static
temperature-pressure-altitude.c:525:15:isMeasuring	16	static
temperature-pressure-altitude.c:537:8:reset	8	static
temperature-pressure-altitude.c:550:8:readAllMeasurements	24	static
temperature-pressure-altitude.c:570:7:readFloatPressure	144	static
temperature-pressure-altitude.c:607:8:readFloatPressureFromBurst	144	static
temperature-pressure-altitude.c:644:8:setReferencePressure	16	static
temperature-pressure-altitude.c:655:9:getReferencePressure	4	static
temperature-pressure-altitude.c:666:7:readFloatAltitudeMeters	16	static
temperature-pressure-altitude.c:688:7:readFloatAltitudeFeet	16	static
temperature-pressure-altitude.c:702:9:readFloatHumidity	24	static
temperature-pressure-altitude.c:730:8:readFloatHumidityFromBurst	24	static
temperature-pressure-altitude.c:755:15:setTemperatureCorrection	16	static
temperature-pressure-altitude.c:766:7:readTempC	32	static
temperature-pressure-altitude.c:794:16:readTempFromBurst	32	static
temperature-pressure-altitude.c:818:15:readTempCFromBurst	16	static
temperature-pressure-altitude.c:829:7:readTempF	16	static
temperature-pressure-altitude.c:844:8:readTempFFromBurst	24	static
temperature-pressure-altitude.c:857:13:readRegisterRegion	32	static
temperature-pressure-altitude.c:883:13:readRegister	24	static
temperature-pressure-altitude.c:902:14:readRegisterInt16	24	static
temperature-pressure-altitude.c:910:15:writeRegister	16	static
