temperature-pressure-altitude.c:253:6:BMP280_Init	24	static
temperature-pressure-altitude.c:313:8:beginWithI2C	16	static
temperature-pressure-altitude.c:327:8:beginWithSPI	16	static
temperature-pressure-altitude.c:341:15:setMode	24	static
temperature-pressure-altitude.c:356:13:getMode	16	static
temperature-pressure-altitude.c:375:8:setStandbyTime	24	static
temperature-pressure-altitude.c:395:8:setFilter	24	static
temperature-pressure-altitude.c:410:8:setTempOverSample	24	static
temperature-pressure-altitude.c:432:8:setPressureOverSample	24	static
temperature-pressure-altitude.c:455:8:setHumidityOverSample	24	static
temperature-pressure-altitude.c:481:13:checkSampleValue	16	static
temperature-pressure-altitude.c:517:15:setI2CAddress	16	static
temperature-pressure-altitude.c:528:15:isMeasuring	16	static
temperature-pressure-altitude.c:540:8:reset	8	static
temperature-pressure-altitude.c:553:8:readAllMeasurements	24	static
temperature-pressure-altitude.c:573:9:readFloatPressure	144	static
temperature-pressure-altitude.c:610:8:readFloatPressureFromBurst	144	static
temperature-pressure-altitude.c:647:15:setReferencePressure	16	static
temperature-pressure-altitude.c:658:16:getReferencePressure	4	static
temperature-pressure-altitude.c:669:9:readFloatAltitudeMeters	16	static
temperature-pressure-altitude.c:691:9:readFloatAltitudeFeet	16	static
temperature-pressure-altitude.c:705:9:readFloatHumidity	24	static
temperature-pressure-altitude.c:733:8:readFloatHumidityFromBurst	24	static
temperature-pressure-altitude.c:758:15:setTemperatureCorrection	16	static
temperature-pressure-altitude.c:769:9:readTempC	40	static
temperature-pressure-altitude.c:799:16:readTempFromBurst	48	static
temperature-pressure-altitude.c:823:15:readTempCFromBurst	16	static
temperature-pressure-altitude.c:834:9:readTempF	16	static
temperature-pressure-altitude.c:849:8:readTempFFromBurst	24	static
temperature-pressure-altitude.c:862:13:readRegisterRegion	32	static
temperature-pressure-altitude.c:886:13:readRegister	16	static
temperature-pressure-altitude.c:890:14:readRegisterInt16	24	static
temperature-pressure-altitude.c:898:15:writeRegister	16	static
